W0423 10:51:32.967000 59780 site-packages/torch/distributed/run.py:852] 
W0423 10:51:32.967000 59780 site-packages/torch/distributed/run.py:852] *****************************************
W0423 10:51:32.967000 59780 site-packages/torch/distributed/run.py:852] Setting OMP_NUM_THREADS environment variable for each process to be 1 in default, to avoid your system being overloaded, please further tune the variable for optimal performance in your application as needed. 
W0423 10:51:32.967000 59780 site-packages/torch/distributed/run.py:852] *****************************************
is-dcsn7qhxjihsjqes-devmachine-0:59942:59942 [0] NCCL INFO NCCL_SOCKET_IFNAME set by environment to eth0
is-dcsn7qhxjihsjqes-devmachine-0:59942:59942 [0] NCCL INFO Bootstrap: Using eth0:172.27.93.34<0>
is-dcsn7qhxjihsjqes-devmachine-0:59942:59942 [0] NCCL INFO cudaDriverVersion 12080
is-dcsn7qhxjihsjqes-devmachine-0:59942:59942 [0] NCCL INFO NCCL version 2.27.5+cuda12.9
is-dcsn7qhxjihsjqes-devmachine-0:59942:59942 [0] NCCL INFO Comm config Blocking set to 1
is-dcsn7qhxjihsjqes-devmachine-0:59943:59943 [1] NCCL INFO cudaDriverVersion 12080
is-dcsn7qhxjihsjqes-devmachine-0:59943:59943 [1] NCCL INFO NCCL_SOCKET_IFNAME set by environment to eth0
is-dcsn7qhxjihsjqes-devmachine-0:59945:59945 [3] NCCL INFO cudaDriverVersion 12080
is-dcsn7qhxjihsjqes-devmachine-0:59945:59945 [3] NCCL INFO NCCL_SOCKET_IFNAME set by environment to eth0
is-dcsn7qhxjihsjqes-devmachine-0:59944:59944 [2] NCCL INFO cudaDriverVersion 12080
is-dcsn7qhxjihsjqes-devmachine-0:59944:59944 [2] NCCL INFO NCCL_SOCKET_IFNAME set by environment to eth0
is-dcsn7qhxjihsjqes-devmachine-0:59943:59943 [1] NCCL INFO Bootstrap: Using eth0:172.27.93.34<0>
is-dcsn7qhxjihsjqes-devmachine-0:59945:59945 [3] NCCL INFO Bootstrap: Using eth0:172.27.93.34<0>
is-dcsn7qhxjihsjqes-devmachine-0:59944:59944 [2] NCCL INFO Bootstrap: Using eth0:172.27.93.34<0>
is-dcsn7qhxjihsjqes-devmachine-0:59943:59943 [1] NCCL INFO NCCL version 2.27.5+cuda12.9
is-dcsn7qhxjihsjqes-devmachine-0:59945:59945 [3] NCCL INFO NCCL version 2.27.5+cuda12.9
is-dcsn7qhxjihsjqes-devmachine-0:59944:59944 [2] NCCL INFO NCCL version 2.27.5+cuda12.9
is-dcsn7qhxjihsjqes-devmachine-0:59944:59944 [2] NCCL INFO Comm config Blocking set to 1
is-dcsn7qhxjihsjqes-devmachine-0:59943:59943 [1] NCCL INFO Comm config Blocking set to 1
is-dcsn7qhxjihsjqes-devmachine-0:59945:59945 [3] NCCL INFO Comm config Blocking set to 1
is-dcsn7qhxjihsjqes-devmachine-0:59942:60079 [0] NCCL INFO NET/Plugin: Could not find: libnccl-net.so. 
is-dcsn7qhxjihsjqes-devmachine-0:59942:60079 [0] NCCL INFO NCCL_SOCKET_IFNAME set by environment to eth0
is-dcsn7qhxjihsjqes-devmachine-0:59942:60079 [0] NCCL INFO NET/IB : No device found.
is-dcsn7qhxjihsjqes-devmachine-0:59942:60079 [0] NCCL INFO NET/IB : Using [RO]; OOB eth0:172.27.93.34<0>
is-dcsn7qhxjihsjqes-devmachine-0:59942:60079 [0] NCCL INFO NCCL_SOCKET_IFNAME set by environment to eth0
is-dcsn7qhxjihsjqes-devmachine-0:59942:60079 [0] NCCL INFO NET/Socket : Using [0]eth0:172.27.93.34<0>
is-dcsn7qhxjihsjqes-devmachine-0:59942:60079 [0] NCCL INFO Initialized NET plugin Socket
is-dcsn7qhxjihsjqes-devmachine-0:59942:60079 [0] NCCL INFO Assigned NET plugin Socket to comm
is-dcsn7qhxjihsjqes-devmachine-0:59942:60079 [0] NCCL INFO Using network Socket
is-dcsn7qhxjihsjqes-devmachine-0:59942:60079 [0] NCCL INFO ncclCommInitRankConfig comm 0xd0dc140 rank 0 nranks 4 cudaDev 0 nvmlDev 0 busId 5d000 commId 0x2609a9ff47332aee - Init START
is-dcsn7qhxjihsjqes-devmachine-0:59944:60080 [2] NCCL INFO NET/Plugin: Could not find: libnccl-net.so. 
is-dcsn7qhxjihsjqes-devmachine-0:59944:60080 [2] NCCL INFO NCCL_SOCKET_IFNAME set by environment to eth0
is-dcsn7qhxjihsjqes-devmachine-0:59944:60080 [2] NCCL INFO NET/IB : No device found.
is-dcsn7qhxjihsjqes-devmachine-0:59944:60080 [2] NCCL INFO NET/IB : Using [RO]; OOB eth0:172.27.93.34<0>
is-dcsn7qhxjihsjqes-devmachine-0:59944:60080 [2] NCCL INFO NCCL_SOCKET_IFNAME set by environment to eth0
is-dcsn7qhxjihsjqes-devmachine-0:59944:60080 [2] NCCL INFO NET/Socket : Using [0]eth0:172.27.93.34<0>
is-dcsn7qhxjihsjqes-devmachine-0:59944:60080 [2] NCCL INFO Initialized NET plugin Socket
is-dcsn7qhxjihsjqes-devmachine-0:59944:60080 [2] NCCL INFO Assigned NET plugin Socket to comm
is-dcsn7qhxjihsjqes-devmachine-0:59944:60080 [2] NCCL INFO Using network Socket
is-dcsn7qhxjihsjqes-devmachine-0:59945:60082 [3] NCCL INFO NET/Plugin: Could not find: libnccl-net.so. 
is-dcsn7qhxjihsjqes-devmachine-0:59945:60082 [3] NCCL INFO NCCL_SOCKET_IFNAME set by environment to eth0
is-dcsn7qhxjihsjqes-devmachine-0:59945:60082 [3] NCCL INFO NET/IB : No device found.
is-dcsn7qhxjihsjqes-devmachine-0:59945:60082 [3] NCCL INFO NET/IB : Using [RO]; OOB eth0:172.27.93.34<0>
is-dcsn7qhxjihsjqes-devmachine-0:59945:60082 [3] NCCL INFO NCCL_SOCKET_IFNAME set by environment to eth0
is-dcsn7qhxjihsjqes-devmachine-0:59945:60082 [3] NCCL INFO NET/Socket : Using [0]eth0:172.27.93.34<0>
is-dcsn7qhxjihsjqes-devmachine-0:59945:60082 [3] NCCL INFO Initialized NET plugin Socket
is-dcsn7qhxjihsjqes-devmachine-0:59945:60082 [3] NCCL INFO Assigned NET plugin Socket to comm
is-dcsn7qhxjihsjqes-devmachine-0:59945:60082 [3] NCCL INFO Using network Socket
is-dcsn7qhxjihsjqes-devmachine-0:59943:60081 [1] NCCL INFO NET/Plugin: Could not find: libnccl-net.so. 
is-dcsn7qhxjihsjqes-devmachine-0:59943:60081 [1] NCCL INFO NCCL_SOCKET_IFNAME set by environment to eth0
is-dcsn7qhxjihsjqes-devmachine-0:59943:60081 [1] NCCL INFO NET/IB : No device found.
is-dcsn7qhxjihsjqes-devmachine-0:59943:60081 [1] NCCL INFO NET/IB : Using [RO]; OOB eth0:172.27.93.34<0>
is-dcsn7qhxjihsjqes-devmachine-0:59943:60081 [1] NCCL INFO NCCL_SOCKET_IFNAME set by environment to eth0
is-dcsn7qhxjihsjqes-devmachine-0:59943:60081 [1] NCCL INFO NET/Socket : Using [0]eth0:172.27.93.34<0>
is-dcsn7qhxjihsjqes-devmachine-0:59943:60081 [1] NCCL INFO Initialized NET plugin Socket
is-dcsn7qhxjihsjqes-devmachine-0:59943:60081 [1] NCCL INFO Assigned NET plugin Socket to comm
is-dcsn7qhxjihsjqes-devmachine-0:59943:60081 [1] NCCL INFO Using network Socket
is-dcsn7qhxjihsjqes-devmachine-0:59944:60080 [2] NCCL INFO ncclCommInitRankConfig comm 0xc32d330 rank 2 nranks 4 cudaDev 2 nvmlDev 2 busId ab000 commId 0x2609a9ff47332aee - Init START
is-dcsn7qhxjihsjqes-devmachine-0:59945:60082 [3] NCCL INFO ncclCommInitRankConfig comm 0xd2493b0 rank 3 nranks 4 cudaDev 3 nvmlDev 3 busId bb000 commId 0x2609a9ff47332aee - Init START
is-dcsn7qhxjihsjqes-devmachine-0:59943:60081 [1] NCCL INFO ncclCommInitRankConfig comm 0xceea940 rank 1 nranks 4 cudaDev 1 nvmlDev 1 busId 9b000 commId 0x2609a9ff47332aee - Init START
is-dcsn7qhxjihsjqes-devmachine-0:59945:60082 [3] NCCL INFO RAS client listening socket at ::1<28028>
is-dcsn7qhxjihsjqes-devmachine-0:59943:60081 [1] NCCL INFO RAS client listening socket at ::1<28028>
is-dcsn7qhxjihsjqes-devmachine-0:59942:60079 [0] NCCL INFO RAS client listening socket at ::1<28028>
is-dcsn7qhxjihsjqes-devmachine-0:59944:60080 [2] NCCL INFO RAS client listening socket at ::1<28028>
is-dcsn7qhxjihsjqes-devmachine-0:59942:60079 [0] NCCL INFO Bootstrap timings total 0.291973 (create 0.000045, send 0.000108, recv 0.291366, ring 0.000052, delay 0.000000)
is-dcsn7qhxjihsjqes-devmachine-0:59943:60081 [1] NCCL INFO Bootstrap timings total 0.000724 (create 0.000042, send 0.000098, recv 0.000152, ring 0.000047, delay 0.000000)
is-dcsn7qhxjihsjqes-devmachine-0:59944:60080 [2] NCCL INFO Bootstrap timings total 0.008586 (create 0.000042, send 0.000099, recv 0.007854, ring 0.000049, delay 0.000000)
is-dcsn7qhxjihsjqes-devmachine-0:59945:60082 [3] NCCL INFO Bootstrap timings total 0.000838 (create 0.000041, send 0.000101, recv 0.000144, ring 0.000154, delay 0.000000)
is-dcsn7qhxjihsjqes-devmachine-0:59943:60081 [1] NCCL INFO NCCL_P2P_DISABLE set by environment to 1
is-dcsn7qhxjihsjqes-devmachine-0:59944:60080 [2] NCCL INFO NCCL_P2P_DISABLE set by environment to 1
is-dcsn7qhxjihsjqes-devmachine-0:59942:60079 [0] NCCL INFO NCCL_P2P_DISABLE set by environment to 1
is-dcsn7qhxjihsjqes-devmachine-0:59945:60082 [3] NCCL INFO NCCL_P2P_DISABLE set by environment to 1
is-dcsn7qhxjihsjqes-devmachine-0:59942:60079 [0] NCCL INFO Setting affinity for GPU 0 to 96-116
is-dcsn7qhxjihsjqes-devmachine-0:59945:60082 [3] NCCL INFO Setting affinity for GPU 3 to 48-89,165-185
is-dcsn7qhxjihsjqes-devmachine-0:59942:60079 [0] NCCL INFO NVLS multicast support is available on dev 0 (NVLS_NCHANNELS 16)
is-dcsn7qhxjihsjqes-devmachine-0:59945:60082 [3] NCCL INFO NVLS multicast support is available on dev 3 (NVLS_NCHANNELS 16)
is-dcsn7qhxjihsjqes-devmachine-0:59943:60081 [1] NCCL INFO Setting affinity for GPU 1 to 48-89,165-185
is-dcsn7qhxjihsjqes-devmachine-0:59943:60081 [1] NCCL INFO NVLS multicast support is available on dev 1 (NVLS_NCHANNELS 16)
is-dcsn7qhxjihsjqes-devmachine-0:59944:60080 [2] NCCL INFO Setting affinity for GPU 2 to 48-89,165-185
is-dcsn7qhxjihsjqes-devmachine-0:59944:60080 [2] NCCL INFO NVLS multicast support is available on dev 2 (NVLS_NCHANNELS 16)
is-dcsn7qhxjihsjqes-devmachine-0:59945:60082 [3] NCCL INFO comm 0xd2493b0 rank 3 nRanks 4 nNodes 1 localRanks 4 localRank 3 MNNVL 0
is-dcsn7qhxjihsjqes-devmachine-0:59944:60080 [2] NCCL INFO comm 0xc32d330 rank 2 nRanks 4 nNodes 1 localRanks 4 localRank 2 MNNVL 0
is-dcsn7qhxjihsjqes-devmachine-0:59943:60081 [1] NCCL INFO comm 0xceea940 rank 1 nRanks 4 nNodes 1 localRanks 4 localRank 1 MNNVL 0
is-dcsn7qhxjihsjqes-devmachine-0:59942:60079 [0] NCCL INFO comm 0xd0dc140 rank 0 nRanks 4 nNodes 1 localRanks 4 localRank 0 MNNVL 0
is-dcsn7qhxjihsjqes-devmachine-0:59945:60082 [3] NCCL INFO Trees [0] -1/-1/-1->3->2 [1] -1/-1/-1->3->2 [2] -1/-1/-1->3->2 [3] -1/-1/-1->3->2 [4] -1/-1/-1->3->2 [5] -1/-1/-1->3->2 [6] -1/-1/-1->3->2 [7] -1/-1/-1->3->2 [8] -1/-1/-1->3->2 [9] -1/-1/-1->3->2 [10] -1/-1/-1->3->2 [11] -1/-1/-1->3->2 [12] -1/-1/-1->3->2 [13] -1/-1/-1->3->2 [14] -1/-1/-1->3->2 [15] -1/-1/-1->3->2
is-dcsn7qhxjihsjqes-devmachine-0:59945:60082 [3] NCCL INFO P2P Chunksize set to 131072
is-dcsn7qhxjihsjqes-devmachine-0:59944:60080 [2] NCCL INFO Trees [0] 3/-1/-1->2->1 [1] 3/-1/-1->2->1 [2] 3/-1/-1->2->1 [3] 3/-1/-1->2->1 [4] 3/-1/-1->2->1 [5] 3/-1/-1->2->1 [6] 3/-1/-1->2->1 [7] 3/-1/-1->2->1 [8] 3/-1/-1->2->1 [9] 3/-1/-1->2->1 [10] 3/-1/-1->2->1 [11] 3/-1/-1->2->1 [12] 3/-1/-1->2->1 [13] 3/-1/-1->2->1 [14] 3/-1/-1->2->1 [15] 3/-1/-1->2->1
is-dcsn7qhxjihsjqes-devmachine-0:59943:60081 [1] NCCL INFO Trees [0] 2/-1/-1->1->0 [1] 2/-1/-1->1->0 [2] 2/-1/-1->1->0 [3] 2/-1/-1->1->0 [4] 2/-1/-1->1->0 [5] 2/-1/-1->1->0 [6] 2/-1/-1->1->0 [7] 2/-1/-1->1->0 [8] 2/-1/-1->1->0 [9] 2/-1/-1->1->0 [10] 2/-1/-1->1->0 [11] 2/-1/-1->1->0 [12] 2/-1/-1->1->0 [13] 2/-1/-1->1->0 [14] 2/-1/-1->1->0 [15] 2/-1/-1->1->0
is-dcsn7qhxjihsjqes-devmachine-0:59944:60080 [2] NCCL INFO P2P Chunksize set to 131072
is-dcsn7qhxjihsjqes-devmachine-0:59942:60079 [0] NCCL INFO Channel 00/16 : 0 1 2 3
is-dcsn7qhxjihsjqes-devmachine-0:59943:60081 [1] NCCL INFO P2P Chunksize set to 131072
is-dcsn7qhxjihsjqes-devmachine-0:59942:60079 [0] NCCL INFO Channel 01/16 : 0 1 2 3
is-dcsn7qhxjihsjqes-devmachine-0:59942:60079 [0] NCCL INFO Channel 02/16 : 0 1 2 3
is-dcsn7qhxjihsjqes-devmachine-0:59942:60079 [0] NCCL INFO Channel 03/16 : 0 1 2 3
is-dcsn7qhxjihsjqes-devmachine-0:59942:60079 [0] NCCL INFO Channel 04/16 : 0 1 2 3
is-dcsn7qhxjihsjqes-devmachine-0:59942:60079 [0] NCCL INFO Channel 05/16 : 0 1 2 3
is-dcsn7qhxjihsjqes-devmachine-0:59942:60079 [0] NCCL INFO Channel 06/16 : 0 1 2 3
is-dcsn7qhxjihsjqes-devmachine-0:59942:60079 [0] NCCL INFO Channel 07/16 : 0 1 2 3
is-dcsn7qhxjihsjqes-devmachine-0:59942:60079 [0] NCCL INFO Channel 08/16 : 0 1 2 3
is-dcsn7qhxjihsjqes-devmachine-0:59942:60079 [0] NCCL INFO Channel 09/16 : 0 1 2 3
is-dcsn7qhxjihsjqes-devmachine-0:59942:60079 [0] NCCL INFO Channel 10/16 : 0 1 2 3
is-dcsn7qhxjihsjqes-devmachine-0:59942:60079 [0] NCCL INFO Channel 11/16 : 0 1 2 3
is-dcsn7qhxjihsjqes-devmachine-0:59942:60079 [0] NCCL INFO Channel 12/16 : 0 1 2 3
is-dcsn7qhxjihsjqes-devmachine-0:59942:60079 [0] NCCL INFO Channel 13/16 : 0 1 2 3
is-dcsn7qhxjihsjqes-devmachine-0:59942:60079 [0] NCCL INFO Channel 14/16 : 0 1 2 3
is-dcsn7qhxjihsjqes-devmachine-0:59942:60079 [0] NCCL INFO Channel 15/16 : 0 1 2 3
is-dcsn7qhxjihsjqes-devmachine-0:59942:60079 [0] NCCL INFO Trees [0] 1/-1/-1->0->-1 [1] 1/-1/-1->0->-1 [2] 1/-1/-1->0->-1 [3] 1/-1/-1->0->-1 [4] 1/-1/-1->0->-1 [5] 1/-1/-1->0->-1 [6] 1/-1/-1->0->-1 [7] 1/-1/-1->0->-1 [8] 1/-1/-1->0->-1 [9] 1/-1/-1->0->-1 [10] 1/-1/-1->0->-1 [11] 1/-1/-1->0->-1 [12] 1/-1/-1->0->-1 [13] 1/-1/-1->0->-1 [14] 1/-1/-1->0->-1 [15] 1/-1/-1->0->-1
is-dcsn7qhxjihsjqes-devmachine-0:59942:60079 [0] NCCL INFO P2P Chunksize set to 131072
is-dcsn7qhxjihsjqes-devmachine-0:59945:60082 [3] NCCL INFO PROFILER/Plugin: Could not find: libnccl-profiler.so. 
is-dcsn7qhxjihsjqes-devmachine-0:59943:60081 [1] NCCL INFO PROFILER/Plugin: Could not find: libnccl-profiler.so. 
is-dcsn7qhxjihsjqes-devmachine-0:59945:60087 [3] NCCL INFO [Proxy Service] Device 3 CPU core 54
is-dcsn7qhxjihsjqes-devmachine-0:59945:60088 [3] NCCL INFO [Proxy Service UDS] Device 3 CPU core 55
is-dcsn7qhxjihsjqes-devmachine-0:59943:60089 [1] NCCL INFO [Proxy Service] Device 1 CPU core 81
is-dcsn7qhxjihsjqes-devmachine-0:59943:60090 [1] NCCL INFO [Proxy Service UDS] Device 1 CPU core 179
is-dcsn7qhxjihsjqes-devmachine-0:59944:60080 [2] NCCL INFO PROFILER/Plugin: Could not find: libnccl-profiler.so. 
is-dcsn7qhxjihsjqes-devmachine-0:59942:60079 [0] NCCL INFO PROFILER/Plugin: Could not find: libnccl-profiler.so. 
is-dcsn7qhxjihsjqes-devmachine-0:59942:60079 [0] NCCL INFO Check P2P Type isAllDirectP2p 0 directMode 0
is-dcsn7qhxjihsjqes-devmachine-0:59944:60091 [2] NCCL INFO [Proxy Service] Device 2 CPU core 67
is-dcsn7qhxjihsjqes-devmachine-0:59944:60092 [2] NCCL INFO [Proxy Service UDS] Device 2 CPU core 168
is-dcsn7qhxjihsjqes-devmachine-0:59942:60093 [0] NCCL INFO [Proxy Service] Device 0 CPU core 102
is-dcsn7qhxjihsjqes-devmachine-0:59942:60094 [0] NCCL INFO [Proxy Service UDS] Device 0 CPU core 103
is-dcsn7qhxjihsjqes-devmachine-0:59942:60079 [0] NCCL INFO threadThresholds 8/8/64 | 32/8/64 | 512 | 512
is-dcsn7qhxjihsjqes-devmachine-0:59942:60079 [0] NCCL INFO 16 coll channels, 16 collnet channels, 16 nvls channels, 16 p2p channels, 2 p2p channels per peer
is-dcsn7qhxjihsjqes-devmachine-0:59945:60082 [3] NCCL INFO threadThresholds 8/8/64 | 32/8/64 | 512 | 512
is-dcsn7qhxjihsjqes-devmachine-0:59945:60082 [3] NCCL INFO 16 coll channels, 16 collnet channels, 16 nvls channels, 16 p2p channels, 2 p2p channels per peer
is-dcsn7qhxjihsjqes-devmachine-0:59944:60080 [2] NCCL INFO threadThresholds 8/8/64 | 32/8/64 | 512 | 512
is-dcsn7qhxjihsjqes-devmachine-0:59944:60080 [2] NCCL INFO 16 coll channels, 16 collnet channels, 16 nvls channels, 16 p2p channels, 2 p2p channels per peer
is-dcsn7qhxjihsjqes-devmachine-0:59943:60081 [1] NCCL INFO threadThresholds 8/8/64 | 32/8/64 | 512 | 512
is-dcsn7qhxjihsjqes-devmachine-0:59943:60081 [1] NCCL INFO 16 coll channels, 16 collnet channels, 16 nvls channels, 16 p2p channels, 2 p2p channels per peer
is-dcsn7qhxjihsjqes-devmachine-0:59942:60079 [0] NCCL INFO CC Off, workFifoBytes 1048576
is-dcsn7qhxjihsjqes-devmachine-0:59944:60080 [2] NCCL INFO TUNER/Plugin: Could not find: libnccl-tuner.so. Using internal tuner plugin.
is-dcsn7qhxjihsjqes-devmachine-0:59944:60080 [2] NCCL INFO ncclCommInitRankConfig comm 0xc32d330 rank 2 nranks 4 cudaDev 2 nvmlDev 2 busId ab000 commId 0x2609a9ff47332aee - Init COMPLETE
is-dcsn7qhxjihsjqes-devmachine-0:59944:60080 [2] NCCL INFO Init timings - ncclCommInitRankConfig: rank 2 nranks 4 total 0.86 (kernels 0.33, alloc 0.09, bootstrap 0.01, allgathers 0.00, topo 0.32, graphs 0.00, connections 0.10, rest 0.00)
is-dcsn7qhxjihsjqes-devmachine-0:59945:60082 [3] NCCL INFO TUNER/Plugin: Could not find: libnccl-tuner.so. Using internal tuner plugin.
is-dcsn7qhxjihsjqes-devmachine-0:59945:60082 [3] NCCL INFO ncclCommInitRankConfig comm 0xd2493b0 rank 3 nranks 4 cudaDev 3 nvmlDev 3 busId bb000 commId 0x2609a9ff47332aee - Init COMPLETE
is-dcsn7qhxjihsjqes-devmachine-0:59945:60082 [3] NCCL INFO Init timings - ncclCommInitRankConfig: rank 3 nranks 4 total 0.86 (kernels 0.33, alloc 0.10, bootstrap 0.00, allgathers 0.01, topo 0.32, graphs 0.00, connections 0.10, rest 0.00)
is-dcsn7qhxjihsjqes-devmachine-0:59943:60081 [1] NCCL INFO TUNER/Plugin: Could not find: libnccl-tuner.so. Using internal tuner plugin.
is-dcsn7qhxjihsjqes-devmachine-0:59943:60081 [1] NCCL INFO ncclCommInitRankConfig comm 0xceea940 rank 1 nranks 4 cudaDev 1 nvmlDev 1 busId 9b000 commId 0x2609a9ff47332aee - Init COMPLETE
is-dcsn7qhxjihsjqes-devmachine-0:59943:60081 [1] NCCL INFO Init timings - ncclCommInitRankConfig: rank 1 nranks 4 total 0.86 (kernels 0.33, alloc 0.10, bootstrap 0.00, allgathers 0.00, topo 0.32, graphs 0.00, connections 0.10, rest 0.00)
is-dcsn7qhxjihsjqes-devmachine-0:59942:60079 [0] NCCL INFO TUNER/Plugin: Could not find: libnccl-tuner.so. Using internal tuner plugin.
is-dcsn7qhxjihsjqes-devmachine-0:59942:60079 [0] NCCL INFO ncclCommInitRankConfig comm 0xd0dc140 rank 0 nranks 4 cudaDev 0 nvmlDev 0 busId 5d000 commId 0x2609a9ff47332aee - Init COMPLETE
is-dcsn7qhxjihsjqes-devmachine-0:59942:60079 [0] NCCL INFO Init timings - ncclCommInitRankConfig: rank 0 nranks 4 total 1.09 (kernels 0.34, alloc 0.04, bootstrap 0.29, allgathers 0.01, topo 0.32, graphs 0.00, connections 0.10, rest 0.00)
рҹ“„ дҪҝз”Ёй…ҚзҪ®: /mnt/c20250607/user/wanghaoran/zyh/scDataTest/config/config.json
вң… д»Һй…ҚзҪ®еҠ иҪҪжЁЎеһӢеҸӮж•°:
   - hidden_size: 3584
   - num_diffusion_layers: 8
   - attention_type: omni
   - weight_decay: 0.0001
   - clip_grad_norm: 1.0
   - gradient_checkpointing: True
   - disable_gene_position_ids: True
   - gene_position_buckets: 100
вң… д»Һй…ҚзҪ®еҠ иҪҪжЁЎеһӢеҸӮж•°:
   - hidden_size: 3584
   - num_diffusion_layers: 8
   - attention_type: omni
   - weight_decay: 0.0001
   - clip_grad_norm: 1.0
   - gradient_checkpointing: True
   - disable_gene_position_ids: True
   - gene_position_buckets: 100
вң… д»Һй…ҚзҪ®еҠ иҪҪжЁЎеһӢеҸӮж•°:
   - hidden_size: 3584
   - num_diffusion_layers: 8
   - attention_type: omni
   - weight_decay: 0.0001
   - clip_grad_norm: 1.0
   - gradient_checkpointing: True
   - disable_gene_position_ids: True
   - gene_position_buckets: 100
вң… д»Һй…ҚзҪ®еҠ иҪҪжЁЎеһӢеҸӮж•°:
   - hidden_size: 3584
   - num_diffusion_layers: 8
   - attention_type: omni
   - weight_decay: 0.0001
   - clip_grad_norm: 1.0
   - gradient_checkpointing: True
   - disable_gene_position_ids: True
   - gene_position_buckets: 100
Loading checkpoint shards:   0%|          | 0/4 [00:00<?, ?it/s]Loading checkpoint shards:   0%|          | 0/4 [00:00<?, ?it/s]Loading checkpoint shards:   0%|          | 0/4 [00:00<?, ?it/s]Loading checkpoint shards:   0%|          | 0/4 [00:00<?, ?it/s]Loading checkpoint shards:  25%|в–Ҳв–Ҳв–Ң       | 1/4 [00:04<00:12,  4.04s/it]Loading checkpoint shards:  25%|в–Ҳв–Ҳв–Ң       | 1/4 [00:04<00:12,  4.09s/it]Loading checkpoint shards:  25%|в–Ҳв–Ҳв–Ң       | 1/4 [00:04<00:12,  4.09s/it]Loading checkpoint shards:  25%|в–Ҳв–Ҳв–Ң       | 1/4 [00:04<00:12,  4.08s/it]Loading checkpoint shards:  50%|в–Ҳв–Ҳв–Ҳв–Ҳв–Ҳ     | 2/4 [00:07<00:07,  3.94s/it]Loading checkpoint shards:  50%|в–Ҳв–Ҳв–Ҳв–Ҳв–Ҳ     | 2/4 [00:07<00:07,  3.95s/it]Loading checkpoint shards:  50%|в–Ҳв–Ҳв–Ҳв–Ҳв–Ҳ     | 2/4 [00:07<00:07,  3.96s/it]Loading checkpoint shards:  50%|в–Ҳв–Ҳв–Ҳв–Ҳв–Ҳ     | 2/4 [00:07<00:07,  3.95s/it]Loading checkpoint shards:  75%|в–Ҳв–Ҳв–Ҳв–Ҳв–Ҳв–Ҳв–Ҳв–Ң  | 3/4 [00:11<00:03,  3.88s/it]Loading checkpoint shards:  75%|в–Ҳв–Ҳв–Ҳв–Ҳв–Ҳв–Ҳв–Ҳв–Ң  | 3/4 [00:11<00:03,  3.89s/it]Loading checkpoint shards:  75%|в–Ҳв–Ҳв–Ҳв–Ҳв–Ҳв–Ҳв–Ҳв–Ң  | 3/4 [00:11<00:03,  3.89s/it]Loading checkpoint shards:  75%|в–Ҳв–Ҳв–Ҳв–Ҳв–Ҳв–Ҳв–Ҳв–Ң  | 3/4 [00:11<00:03,  3.89s/it]Loading checkpoint shards: 100%|в–Ҳв–Ҳв–Ҳв–Ҳв–Ҳв–Ҳв–Ҳв–Ҳв–Ҳв–Ҳ| 4/4 [00:15<00:00,  3.74s/it]Loading checkpoint shards: 100%|в–Ҳв–Ҳв–Ҳв–Ҳв–Ҳв–Ҳв–Ҳв–Ҳв–Ҳв–Ҳ| 4/4 [00:15<00:00,  3.81s/it]
Loading checkpoint shards: 100%|в–Ҳв–Ҳв–Ҳв–Ҳв–Ҳв–Ҳв–Ҳв–Ҳв–Ҳв–Ҳ| 4/4 [00:15<00:00,  3.74s/it]Loading checkpoint shards: 100%|в–Ҳв–Ҳв–Ҳв–Ҳв–Ҳв–Ҳв–Ҳв–Ҳв–Ҳв–Ҳ| 4/4 [00:15<00:00,  3.82s/it]
Loading checkpoint shards: 100%|в–Ҳв–Ҳв–Ҳв–Ҳв–Ҳв–Ҳв–Ҳв–Ҳв–Ҳв–Ҳ| 4/4 [00:15<00:00,  3.74s/it]Loading checkpoint shards: 100%|в–Ҳв–Ҳв–Ҳв–Ҳв–Ҳв–Ҳв–Ҳв–Ҳв–Ҳв–Ҳ| 4/4 [00:15<00:00,  3.82s/it]
Loading checkpoint shards: 100%|в–Ҳв–Ҳв–Ҳв–Ҳв–Ҳв–Ҳв–Ҳв–Ҳв–Ҳв–Ҳ| 4/4 [00:15<00:00,  3.74s/it]Loading checkpoint shards: 100%|в–Ҳв–Ҳв–Ҳв–Ҳв–Ҳв–Ҳв–Ҳв–Ҳв–Ҳв–Ҳ| 4/4 [00:15<00:00,  3.82s/it]
вң… Gradient Checkpointing е·ІеҗҜз”Ё
вң… Gradient Checkpointing е·ІеҗҜз”Ё
вң… Gradient Checkpointing е·ІеҗҜз”Ё
вң… Gradient Checkpointing е·ІеҗҜз”Ё
вң… дҪҝз”Ё compact codebook: codebook_tensor_compact.pt
вң… дҪҝз”Ё compact codebook: codebook_tensor_compact.ptвң… дҪҝз”Ё compact codebook: codebook_tensor_compact.pt

вң… дҪҝз”Ё compact codebook: codebook_tensor_compact.pt
вҡ пёҸ  gene_vocab_size и°ғж•ҙ: 0 -> 741440вҡ пёҸ  gene_vocab_size и°ғж•ҙ: 0 -> 741440вҡ пёҸ  gene_vocab_size и°ғж•ҙ: 0 -> 741440


вҡ пёҸ  gene_vocab_size и°ғж•ҙ: 0 -> 741440
вң… еҲқе§ӢеҢ– gene_embed_tokens: vocab=741440, base=11585 genes x 64 clusters, frozen
вң… еҲқе§ӢеҢ– gene_embed_tokens: vocab=741440, base=11585 genes x 64 clusters, frozen
вң… еҲқе§ӢеҢ– gene_embed_tokens: vocab=741440, base=11585 genes x 64 clusters, frozen
вң… еҲқе§ӢеҢ– gene_embed_tokens: vocab=741440, base=11585 genes x 64 clusters, frozen

рҹ”§ Diffusion Head й…ҚзҪ®еҜ№йҪҗ Qwen2.5 еә•еә§:
   - Qwen hidden_size: 3584
   - Qwen num_attention_heads: 28
   - Qwen intermediate_size: 18944
   - head_dim: 128

рҹ”§ Diffusion Head й…ҚзҪ®еҜ№йҪҗ Qwen2.5 еә•еә§:
   - Qwen hidden_size: 3584
   - Qwen num_attention_heads: 28
   - Qwen intermediate_size: 18944
   - head_dim: 128

рҹ”§ Diffusion Head й…ҚзҪ®еҜ№йҪҗ Qwen2.5 еә•еә§:
   - Qwen hidden_size: 3584
   - Qwen num_attention_heads: 28
   - Qwen intermediate_size: 18944
   - head_dim: 128

рҹ”§ Diffusion Head й…ҚзҪ®еҜ№йҪҗ Qwen2.5 еә•еә§:
   - Qwen hidden_size: 3584
   - Qwen num_attention_heads: 28
   - Qwen intermediate_size: 18944
   - head_dim: 128

вҡ пёҸ  Stage1 дҪҝз”Ёејұ rank signal + 1D RoPE

рҹ§¬ еҲқе§ӢеҢ–зҗҶи§Јж•°жҚ®еҠ иҪҪеҷЁ...
   жЁЎејҸеҲҶеёғ: 100% зҗҶи§Ј [Gene->Text]
[BidirectionalStage1DS] initialized:
   - max_genes: 1200
   - understanding_ratio: 1.0
   - generation_ratio: 0.0
   - Rank 0/1
[BidirectionalStage1DS] compact gene vocab: 11585 genes x 64 = 741440 tokens

============================================================
[BidirectionalStage1DS] Distributed data allocation (global sample split + lazy keys)
============================================================
[BidirectionalStage1DS] initialized:
   - max_genes: 1200
   - understanding_ratio: 1.0
   - generation_ratio: 0.0
   - Rank 0/1
[BidirectionalStage1DS] initialized:
   - max_genes: 1200
   - understanding_ratio: 1.0
   - generation_ratio: 0.0
   - Rank 0/1
[BidirectionalStage1DS] compact gene vocab: 11585 genes x 64 = 741440 tokens
[BidirectionalStage1DS] initialized:
   - max_genes: 1200
   - understanding_ratio: 1.0
   - generation_ratio: 0.0
   - Rank 0/1
[BidirectionalStage1DS] compact gene vocab: 11585 genes x 64 = 741440 tokens
[BidirectionalStage1DS] compact gene vocab: 11585 genes x 64 = 741440 tokens
[BidirectionalStage1DS] Total cells(all ranks): 32,061,933
[BidirectionalStage1DS] Per-rank target ~= 32,061,933 (+1 for first 0 ranks)
is-dcsn7qhxjihsjqes-devmachine-0:59945:60103 [3] NCCL INFO NVLS comm 0xd2493b0 headRank 3 nHeads 4 nvlsRanks 4 buffSize 1048576 nvlsPerRankSize 33554432 nvlsTotalSize 134217728
is-dcsn7qhxjihsjqes-devmachine-0:59943:60104 [1] NCCL INFO NVLS comm 0xceea940 headRank 1 nHeads 4 nvlsRanks 4 buffSize 1048576 nvlsPerRankSize 33554432 nvlsTotalSize 134217728
is-dcsn7qhxjihsjqes-devmachine-0:59944:60105 [2] NCCL INFO NVLS comm 0xc32d330 headRank 2 nHeads 4 nvlsRanks 4 buffSize 1048576 nvlsPerRankSize 33554432 nvlsTotalSize 134217728
is-dcsn7qhxjihsjqes-devmachine-0:59942:60106 [0] NCCL INFO NVLS comm 0xd0dc140 headRank 0 nHeads 4 nvlsRanks 4 buffSize 1048576 nvlsPerRankSize 33554432 nvlsTotalSize 134217728
[BidirectionalStage1DS] Rank 0: cells=32,061,933, blocks=35[BidirectionalStage1DS] Rank 0: cells=32,061,933, blocks=35[BidirectionalStage1DS] Rank 0: cells=32,061,933, blocks=35[BidirectionalStage1DS] Rank 0: cells=32,061,933, blocks=35



вҡ пёҸ disable_gene_position_ids=True: е·Іе…ій—ӯ rank_signal_injector и®ӯз»ғдёҺжіЁе…Ҙ

рҹ“Ҡ еҸӮж•°з»„з»ҹи®Ў:
   жҖ»еҸӮж•°йҮҸ: 11,207,733,274 (11.21B)
   еҸҜи®ӯз»ғеҸӮж•°йҮҸ: 3,009,834,265 (3009.83M)
   еҶ»з»“еҸӮж•°йҮҸ: 8,197,899,009 (8.20B)
   и®ӯз»ғжҜ”дҫӢ: 26.85%
swanlab: Tracking run with swanlab version 0.7.15
swanlab: Run data will be saved locally in 
/mnt/c20250607/user/wanghaoran/zyh/scDataTest/logs/swanlab/run-20260423_105233-9
bwmsoymcikx70iuzsekc
swanlab: рҹ‘Ӣ Hi yuhao_zheng,welcome to swanlab!
swanlab: Syncing run stage1 to the cloud
swanlab: рҹҸ  View project at 
https://swanlab.cn/@yuhao_zheng/sc_showo_understanding_only
swanlab: рҹҡҖ View run at 
https://swanlab.cn/@yuhao_zheng/sc_showo_understanding_only/runs/9bwmsoymcikx70i
uzsekc
вң… SwanLab еҲқе§ӢеҢ–жҲҗеҠҹпјҡsc_showo_understanding_only (exp: stage1)
is-dcsn7qhxjihsjqes-devmachine-0:59943:59943 [1] NCCL INFO Comm config Blocking set to 1
is-dcsn7qhxjihsjqes-devmachine-0:59945:59945 [3] NCCL INFO Comm config Blocking set to 1
is-dcsn7qhxjihsjqes-devmachine-0:59942:59942 [0] NCCL INFO Comm config Blocking set to 1
is-dcsn7qhxjihsjqes-devmachine-0:59944:59944 [2] NCCL INFO Comm config Blocking set to 1
is-dcsn7qhxjihsjqes-devmachine-0:59944:60140 [2] NCCL INFO Assigned NET plugin Socket to comm
is-dcsn7qhxjihsjqes-devmachine-0:59944:60140 [2] NCCL INFO Using network Socket
is-dcsn7qhxjihsjqes-devmachine-0:59942:60137 [0] NCCL INFO Assigned NET plugin Socket to comm
is-dcsn7qhxjihsjqes-devmachine-0:59942:60137 [0] NCCL INFO Using network Socket
is-dcsn7qhxjihsjqes-devmachine-0:59945:60134 [3] NCCL INFO Assigned NET plugin Socket to comm
is-dcsn7qhxjihsjqes-devmachine-0:59943:60131 [1] NCCL INFO Assigned NET plugin Socket to comm
is-dcsn7qhxjihsjqes-devmachine-0:59945:60134 [3] NCCL INFO Using network Socket
is-dcsn7qhxjihsjqes-devmachine-0:59943:60131 [1] NCCL INFO Using network Socket
is-dcsn7qhxjihsjqes-devmachine-0:59942:60137 [0] NCCL INFO ncclCommSplit comm 0x29f48000 rank 0 nranks 4 cudaDev 0 nvmlDev 0 busId 5d000 parent 0xd0dc140 splitCount 1 color 2003953581 key 0- Init START
is-dcsn7qhxjihsjqes-devmachine-0:59944:60140 [2] NCCL INFO ncclCommSplit comm 0x1073a280 rank 2 nranks 4 cudaDev 2 nvmlDev 2 busId ab000 parent 0xc32d330 splitCount 1 color 2003953581 key 2- Init START
is-dcsn7qhxjihsjqes-devmachine-0:59943:60131 [1] NCCL INFO ncclCommSplit comm 0x112ff110 rank 1 nranks 4 cudaDev 1 nvmlDev 1 busId 9b000 parent 0xceea940 splitCount 1 color 2003953581 key 1- Init START
is-dcsn7qhxjihsjqes-devmachine-0:59945:60134 [3] NCCL INFO ncclCommSplit comm 0x1165e950 rank 3 nranks 4 cudaDev 3 nvmlDev 3 busId bb000 parent 0xd2493b0 splitCount 1 color 2003953581 key 3- Init START
is-dcsn7qhxjihsjqes-devmachine-0:59944:60140 [2] NCCL INFO Setting affinity for GPU 2 to 48-89,165-185
is-dcsn7qhxjihsjqes-devmachine-0:59944:60140 [2] NCCL INFO NVLS multicast support is available on dev 2 (NVLS_NCHANNELS 16)
is-dcsn7qhxjihsjqes-devmachine-0:59942:60137 [0] NCCL INFO Setting affinity for GPU 0 to 96-116
is-dcsn7qhxjihsjqes-devmachine-0:59943:60131 [1] NCCL INFO Setting affinity for GPU 1 to 48-89,165-185
is-dcsn7qhxjihsjqes-devmachine-0:59943:60131 [1] NCCL INFO NVLS multicast support is available on dev 1 (NVLS_NCHANNELS 16)
is-dcsn7qhxjihsjqes-devmachine-0:59942:60137 [0] NCCL INFO NVLS multicast support is available on dev 0 (NVLS_NCHANNELS 16)
is-dcsn7qhxjihsjqes-devmachine-0:59945:60134 [3] NCCL INFO Setting affinity for GPU 3 to 48-89,165-185
is-dcsn7qhxjihsjqes-devmachine-0:59945:60134 [3] NCCL INFO NVLS multicast support is available on dev 3 (NVLS_NCHANNELS 16)
is-dcsn7qhxjihsjqes-devmachine-0:59945:60134 [3] NCCL INFO comm 0x1165e950 rank 3 nRanks 4 nNodes 1 localRanks 4 localRank 3 MNNVL 0
is-dcsn7qhxjihsjqes-devmachine-0:59944:60140 [2] NCCL INFO comm 0x1073a280 rank 2 nRanks 4 nNodes 1 localRanks 4 localRank 2 MNNVL 0
is-dcsn7qhxjihsjqes-devmachine-0:59943:60131 [1] NCCL INFO comm 0x112ff110 rank 1 nRanks 4 nNodes 1 localRanks 4 localRank 1 MNNVL 0
is-dcsn7qhxjihsjqes-devmachine-0:59942:60137 [0] NCCL INFO comm 0x29f48000 rank 0 nRanks 4 nNodes 1 localRanks 4 localRank 0 MNNVL 0
is-dcsn7qhxjihsjqes-devmachine-0:59945:60134 [3] NCCL INFO Trees [0] -1/-1/-1->3->2 [1] -1/-1/-1->3->2 [2] -1/-1/-1->3->2 [3] -1/-1/-1->3->2 [4] -1/-1/-1->3->2 [5] -1/-1/-1->3->2 [6] -1/-1/-1->3->2 [7] -1/-1/-1->3->2 [8] -1/-1/-1->3->2 [9] -1/-1/-1->3->2 [10] -1/-1/-1->3->2 [11] -1/-1/-1->3->2 [12] -1/-1/-1->3->2 [13] -1/-1/-1->3->2 [14] -1/-1/-1->3->2 [15] -1/-1/-1->3->2
is-dcsn7qhxjihsjqes-devmachine-0:59944:60140 [2] NCCL INFO Trees [0] 3/-1/-1->2->1 [1] 3/-1/-1->2->1 [2] 3/-1/-1->2->1 [3] 3/-1/-1->2->1 [4] 3/-1/-1->2->1 [5] 3/-1/-1->2->1 [6] 3/-1/-1->2->1 [7] 3/-1/-1->2->1 [8] 3/-1/-1->2->1 [9] 3/-1/-1->2->1 [10] 3/-1/-1->2->1 [11] 3/-1/-1->2->1 [12] 3/-1/-1->2->1 [13] 3/-1/-1->2->1 [14] 3/-1/-1->2->1 [15] 3/-1/-1->2->1
is-dcsn7qhxjihsjqes-devmachine-0:59945:60134 [3] NCCL INFO P2P Chunksize set to 131072
is-dcsn7qhxjihsjqes-devmachine-0:59944:60140 [2] NCCL INFO P2P Chunksize set to 131072
is-dcsn7qhxjihsjqes-devmachine-0:59942:60137 [0] NCCL INFO Channel 00/16 : 0 1 2 3
is-dcsn7qhxjihsjqes-devmachine-0:59943:60131 [1] NCCL INFO Trees [0] 2/-1/-1->1->0 [1] 2/-1/-1->1->0 [2] 2/-1/-1->1->0 [3] 2/-1/-1->1->0 [4] 2/-1/-1->1->0 [5] 2/-1/-1->1->0 [6] 2/-1/-1->1->0 [7] 2/-1/-1->1->0 [8] 2/-1/-1->1->0 [9] 2/-1/-1->1->0 [10] 2/-1/-1->1->0 [11] 2/-1/-1->1->0 [12] 2/-1/-1->1->0 [13] 2/-1/-1->1->0 [14] 2/-1/-1->1->0 [15] 2/-1/-1->1->0
is-dcsn7qhxjihsjqes-devmachine-0:59942:60137 [0] NCCL INFO Channel 01/16 : 0 1 2 3
is-dcsn7qhxjihsjqes-devmachine-0:59943:60131 [1] NCCL INFO P2P Chunksize set to 131072
is-dcsn7qhxjihsjqes-devmachine-0:59942:60137 [0] NCCL INFO Channel 02/16 : 0 1 2 3
is-dcsn7qhxjihsjqes-devmachine-0:59942:60137 [0] NCCL INFO Channel 03/16 : 0 1 2 3
is-dcsn7qhxjihsjqes-devmachine-0:59942:60137 [0] NCCL INFO Channel 04/16 : 0 1 2 3
is-dcsn7qhxjihsjqes-devmachine-0:59942:60137 [0] NCCL INFO Channel 05/16 : 0 1 2 3
is-dcsn7qhxjihsjqes-devmachine-0:59942:60137 [0] NCCL INFO Channel 06/16 : 0 1 2 3
is-dcsn7qhxjihsjqes-devmachine-0:59942:60137 [0] NCCL INFO Channel 07/16 : 0 1 2 3
is-dcsn7qhxjihsjqes-devmachine-0:59942:60137 [0] NCCL INFO Channel 08/16 : 0 1 2 3
is-dcsn7qhxjihsjqes-devmachine-0:59942:60137 [0] NCCL INFO Channel 09/16 : 0 1 2 3
is-dcsn7qhxjihsjqes-devmachine-0:59942:60137 [0] NCCL INFO Channel 10/16 : 0 1 2 3
is-dcsn7qhxjihsjqes-devmachine-0:59942:60137 [0] NCCL INFO Channel 11/16 : 0 1 2 3
is-dcsn7qhxjihsjqes-devmachine-0:59942:60137 [0] NCCL INFO Channel 12/16 : 0 1 2 3
is-dcsn7qhxjihsjqes-devmachine-0:59942:60137 [0] NCCL INFO Channel 13/16 : 0 1 2 3
is-dcsn7qhxjihsjqes-devmachine-0:59942:60137 [0] NCCL INFO Channel 14/16 : 0 1 2 3
is-dcsn7qhxjihsjqes-devmachine-0:59942:60137 [0] NCCL INFO Channel 15/16 : 0 1 2 3
is-dcsn7qhxjihsjqes-devmachine-0:59942:60137 [0] NCCL INFO Trees [0] 1/-1/-1->0->-1 [1] 1/-1/-1->0->-1 [2] 1/-1/-1->0->-1 [3] 1/-1/-1->0->-1 [4] 1/-1/-1->0->-1 [5] 1/-1/-1->0->-1 [6] 1/-1/-1->0->-1 [7] 1/-1/-1->0->-1 [8] 1/-1/-1->0->-1 [9] 1/-1/-1->0->-1 [10] 1/-1/-1->0->-1 [11] 1/-1/-1->0->-1 [12] 1/-1/-1->0->-1 [13] 1/-1/-1->0->-1 [14] 1/-1/-1->0->-1 [15] 1/-1/-1->0->-1
is-dcsn7qhxjihsjqes-devmachine-0:59942:60137 [0] NCCL INFO P2P Chunksize set to 131072
is-dcsn7qhxjihsjqes-devmachine-0:59942:60137 [0] NCCL INFO Check P2P Type isAllDirectP2p 0 directMode 0
is-dcsn7qhxjihsjqes-devmachine-0:59944:60141 [2] NCCL INFO [Proxy Service] Device 2 CPU core 169
is-dcsn7qhxjihsjqes-devmachine-0:59944:60142 [2] NCCL INFO [Proxy Service UDS] Device 2 CPU core 74
is-dcsn7qhxjihsjqes-devmachine-0:59945:60143 [3] NCCL INFO [Proxy Service] Device 3 CPU core 60
is-dcsn7qhxjihsjqes-devmachine-0:59943:60144 [1] NCCL INFO [Proxy Service] Device 1 CPU core 182
is-dcsn7qhxjihsjqes-devmachine-0:59942:60145 [0] NCCL INFO [Proxy Service] Device 0 CPU core 99
is-dcsn7qhxjihsjqes-devmachine-0:59945:60146 [3] NCCL INFO [Proxy Service UDS] Device 3 CPU core 61
is-dcsn7qhxjihsjqes-devmachine-0:59943:60147 [1] NCCL INFO [Proxy Service UDS] Device 1 CPU core 87
is-dcsn7qhxjihsjqes-devmachine-0:59942:60148 [0] NCCL INFO [Proxy Service UDS] Device 0 CPU core 103
is-dcsn7qhxjihsjqes-devmachine-0:59943:60131 [1] NCCL INFO threadThresholds 8/8/64 | 32/8/64 | 512 | 512
is-dcsn7qhxjihsjqes-devmachine-0:59943:60131 [1] NCCL INFO 16 coll channels, 16 collnet channels, 16 nvls channels, 16 p2p channels, 2 p2p channels per peer
is-dcsn7qhxjihsjqes-devmachine-0:59944:60140 [2] NCCL INFO threadThresholds 8/8/64 | 32/8/64 | 512 | 512
is-dcsn7qhxjihsjqes-devmachine-0:59944:60140 [2] NCCL INFO 16 coll channels, 16 collnet channels, 16 nvls channels, 16 p2p channels, 2 p2p channels per peer
is-dcsn7qhxjihsjqes-devmachine-0:59945:60134 [3] NCCL INFO threadThresholds 8/8/64 | 32/8/64 | 512 | 512
is-dcsn7qhxjihsjqes-devmachine-0:59945:60134 [3] NCCL INFO 16 coll channels, 16 collnet channels, 16 nvls channels, 16 p2p channels, 2 p2p channels per peer
is-dcsn7qhxjihsjqes-devmachine-0:59942:60137 [0] NCCL INFO threadThresholds 8/8/64 | 32/8/64 | 512 | 512
is-dcsn7qhxjihsjqes-devmachine-0:59942:60137 [0] NCCL INFO 16 coll channels, 16 collnet channels, 16 nvls channels, 16 p2p channels, 2 p2p channels per peer
is-dcsn7qhxjihsjqes-devmachine-0:59942:60137 [0] NCCL INFO CC Off, workFifoBytes 1048576
is-dcsn7qhxjihsjqes-devmachine-0:59945:60134 [3] NCCL INFO ncclCommSplit comm 0x1165e950 rank 3 nranks 4 cudaDev 3 nvmlDev 3 busId bb000 parent 0xd2493b0 splitCount 1 color 2003953581 key 3 - Init COMPLETE
is-dcsn7qhxjihsjqes-devmachine-0:59943:60131 [1] NCCL INFO ncclCommSplit comm 0x112ff110 rank 1 nranks 4 cudaDev 1 nvmlDev 1 busId 9b000 parent 0xceea940 splitCount 1 color 2003953581 key 1 - Init COMPLETE
is-dcsn7qhxjihsjqes-devmachine-0:59945:60134 [3] NCCL INFO Init timings - ncclCommSplit: rank 3 nranks 4 total 6.16 (kernels 0.00, alloc 0.00, bootstrap 0.00, allgathers 0.00, topo 0.29, graphs 0.00, connections 0.10, rest 5.77)
is-dcsn7qhxjihsjqes-devmachine-0:59943:60131 [1] NCCL INFO Init timings - ncclCommSplit: rank 1 nranks 4 total 6.91 (kernels 0.00, alloc 0.00, bootstrap 0.00, allgathers 0.00, topo 0.29, graphs 0.00, connections 0.10, rest 6.52)
is-dcsn7qhxjihsjqes-devmachine-0:59944:60140 [2] NCCL INFO ncclCommSplit comm 0x1073a280 rank 2 nranks 4 cudaDev 2 nvmlDev 2 busId ab000 parent 0xc32d330 splitCount 1 color 2003953581 key 2 - Init COMPLETE
is-dcsn7qhxjihsjqes-devmachine-0:59942:60137 [0] NCCL INFO ncclCommSplit comm 0x29f48000 rank 0 nranks 4 cudaDev 0 nvmlDev 0 busId 5d000 parent 0xd0dc140 splitCount 1 color 2003953581 key 0 - Init COMPLETE
is-dcsn7qhxjihsjqes-devmachine-0:59944:60140 [2] NCCL INFO Init timings - ncclCommSplit: rank 2 nranks 4 total 0.41 (kernels 0.00, alloc 0.00, bootstrap 0.00, allgathers 0.00, topo 0.29, graphs 0.00, connections 0.10, rest 0.02)
is-dcsn7qhxjihsjqes-devmachine-0:59942:60137 [0] NCCL INFO Init timings - ncclCommSplit: rank 0 nranks 4 total 2.12 (kernels 0.00, alloc 0.00, bootstrap 0.00, allgathers 0.00, topo 0.29, graphs 0.00, connections 0.12, rest 1.70)
is-dcsn7qhxjihsjqes-devmachine-0:59943:60152 [1] NCCL INFO Channel 00 : 1[1] -> 2[2] via SHM/direct/direct
is-dcsn7qhxjihsjqes-devmachine-0:59944:60149 [2] NCCL INFO Channel 00 : 2[2] -> 3[3] via SHM/direct/direct
is-dcsn7qhxjihsjqes-devmachine-0:59945:60151 [3] NCCL INFO Channel 00 : 3[3] -> 0[0] via SHM/direct/direct
is-dcsn7qhxjihsjqes-devmachine-0:59944:60149 [2] NCCL INFO Channel 01 : 2[2] -> 3[3] via SHM/direct/direct
is-dcsn7qhxjihsjqes-devmachine-0:59943:60152 [1] NCCL INFO Channel 01 : 1[1] -> 2[2] via SHM/direct/direct
is-dcsn7qhxjihsjqes-devmachine-0:59945:60151 [3] NCCL INFO Channel 01 : 3[3] -> 0[0] via SHM/direct/direct
is-dcsn7qhxjihsjqes-devmachine-0:59942:60150 [0] NCCL INFO Channel 00 : 0[0] -> 1[1] via SHM/direct/direct
is-dcsn7qhxjihsjqes-devmachine-0:59943:60152 [1] NCCL INFO Channel 02 : 1[1] -> 2[2] via SHM/direct/direct
is-dcsn7qhxjihsjqes-devmachine-0:59944:60149 [2] NCCL INFO Channel 02 : 2[2] -> 3[3] via SHM/direct/direct
is-dcsn7qhxjihsjqes-devmachine-0:59942:60150 [0] NCCL INFO Channel 01 : 0[0] -> 1[1] via SHM/direct/direct
is-dcsn7qhxjihsjqes-devmachine-0:59945:60151 [3] NCCL INFO Channel 02 : 3[3] -> 0[0] via SHM/direct/direct
is-dcsn7qhxjihsjqes-devmachine-0:59943:60152 [1] NCCL INFO Channel 03 : 1[1] -> 2[2] via SHM/direct/direct
is-dcsn7qhxjihsjqes-devmachine-0:59942:60150 [0] NCCL INFO Channel 02 : 0[0] -> 1[1] via SHM/direct/direct
is-dcsn7qhxjihsjqes-devmachine-0:59944:60149 [2] NCCL INFO Channel 03 : 2[2] -> 3[3] via SHM/direct/direct
is-dcsn7qhxjihsjqes-devmachine-0:59945:60151 [3] NCCL INFO Channel 03 : 3[3] -> 0[0] via SHM/direct/direct
is-dcsn7qhxjihsjqes-devmachine-0:59945:60151 [3] NCCL INFO Channel 04 : 3[3] -> 0[0] via SHM/direct/direct
is-dcsn7qhxjihsjqes-devmachine-0:59942:60150 [0] NCCL INFO Channel 03 : 0[0] -> 1[1] via SHM/direct/direct
is-dcsn7qhxjihsjqes-devmachine-0:59943:60152 [1] NCCL INFO Channel 04 : 1[1] -> 2[2] via SHM/direct/direct
is-dcsn7qhxjihsjqes-devmachine-0:59944:60149 [2] NCCL INFO Channel 04 : 2[2] -> 3[3] via SHM/direct/direct
is-dcsn7qhxjihsjqes-devmachine-0:59945:60151 [3] NCCL INFO Channel 05 : 3[3] -> 0[0] via SHM/direct/direct
is-dcsn7qhxjihsjqes-devmachine-0:59943:60152 [1] NCCL INFO Channel 05 : 1[1] -> 2[2] via SHM/direct/direct
is-dcsn7qhxjihsjqes-devmachine-0:59942:60150 [0] NCCL INFO Channel 04 : 0[0] -> 1[1] via SHM/direct/direct
is-dcsn7qhxjihsjqes-devmachine-0:59944:60149 [2] NCCL INFO Channel 05 : 2[2] -> 3[3] via SHM/direct/direct
is-dcsn7qhxjihsjqes-devmachine-0:59943:60152 [1] NCCL INFO Channel 06 : 1[1] -> 2[2] via SHM/direct/direct
is-dcsn7qhxjihsjqes-devmachine-0:59945:60151 [3] NCCL INFO Channel 06 : 3[3] -> 0[0] via SHM/direct/direct
is-dcsn7qhxjihsjqes-devmachine-0:59942:60150 [0] NCCL INFO Channel 05 : 0[0] -> 1[1] via SHM/direct/direct
is-dcsn7qhxjihsjqes-devmachine-0:59944:60149 [2] NCCL INFO Channel 06 : 2[2] -> 3[3] via SHM/direct/direct
is-dcsn7qhxjihsjqes-devmachine-0:59943:60152 [1] NCCL INFO Channel 07 : 1[1] -> 2[2] via SHM/direct/direct
is-dcsn7qhxjihsjqes-devmachine-0:59942:60150 [0] NCCL INFO Channel 06 : 0[0] -> 1[1] via SHM/direct/direct
is-dcsn7qhxjihsjqes-devmachine-0:59945:60151 [3] NCCL INFO Channel 07 : 3[3] -> 0[0] via SHM/direct/direct
is-dcsn7qhxjihsjqes-devmachine-0:59944:60149 [2] NCCL INFO Channel 07 : 2[2] -> 3[3] via SHM/direct/direct
is-dcsn7qhxjihsjqes-devmachine-0:59943:60152 [1] NCCL INFO Channel 08 : 1[1] -> 2[2] via SHM/direct/direct
is-dcsn7qhxjihsjqes-devmachine-0:59942:60150 [0] NCCL INFO Channel 07 : 0[0] -> 1[1] via SHM/direct/direct
is-dcsn7qhxjihsjqes-devmachine-0:59945:60151 [3] NCCL INFO Channel 08 : 3[3] -> 0[0] via SHM/direct/direct
is-dcsn7qhxjihsjqes-devmachine-0:59944:60149 [2] NCCL INFO Channel 08 : 2[2] -> 3[3] via SHM/direct/direct
is-dcsn7qhxjihsjqes-devmachine-0:59943:60152 [1] NCCL INFO Channel 09 : 1[1] -> 2[2] via SHM/direct/direct
is-dcsn7qhxjihsjqes-devmachine-0:59942:60150 [0] NCCL INFO Channel 08 : 0[0] -> 1[1] via SHM/direct/direct
is-dcsn7qhxjihsjqes-devmachine-0:59945:60151 [3] NCCL INFO Channel 09 : 3[3] -> 0[0] via SHM/direct/direct
is-dcsn7qhxjihsjqes-devmachine-0:59944:60149 [2] NCCL INFO Channel 09 : 2[2] -> 3[3] via SHM/direct/direct
is-dcsn7qhxjihsjqes-devmachine-0:59943:60152 [1] NCCL INFO Channel 10 : 1[1] -> 2[2] via SHM/direct/direct
is-dcsn7qhxjihsjqes-devmachine-0:59942:60150 [0] NCCL INFO Channel 09 : 0[0] -> 1[1] via SHM/direct/direct
is-dcsn7qhxjihsjqes-devmachine-0:59945:60151 [3] NCCL INFO Channel 10 : 3[3] -> 0[0] via SHM/direct/direct
is-dcsn7qhxjihsjqes-devmachine-0:59944:60149 [2] NCCL INFO Channel 10 : 2[2] -> 3[3] via SHM/direct/direct
is-dcsn7qhxjihsjqes-devmachine-0:59945:60151 [3] NCCL INFO Channel 11 : 3[3] -> 0[0] via SHM/direct/direct
is-dcsn7qhxjihsjqes-devmachine-0:59943:60152 [1] NCCL INFO Channel 11 : 1[1] -> 2[2] via SHM/direct/direct
is-dcsn7qhxjihsjqes-devmachine-0:59942:60150 [0] NCCL INFO Channel 10 : 0[0] -> 1[1] via SHM/direct/direct
is-dcsn7qhxjihsjqes-devmachine-0:59944:60149 [2] NCCL INFO Channel 11 : 2[2] -> 3[3] via SHM/direct/direct
is-dcsn7qhxjihsjqes-devmachine-0:59943:60152 [1] NCCL INFO Channel 12 : 1[1] -> 2[2] via SHM/direct/direct
is-dcsn7qhxjihsjqes-devmachine-0:59945:60151 [3] NCCL INFO Channel 12 : 3[3] -> 0[0] via SHM/direct/direct
is-dcsn7qhxjihsjqes-devmachine-0:59942:60150 [0] NCCL INFO Channel 11 : 0[0] -> 1[1] via SHM/direct/direct
is-dcsn7qhxjihsjqes-devmachine-0:59944:60149 [2] NCCL INFO Channel 12 : 2[2] -> 3[3] via SHM/direct/direct
is-dcsn7qhxjihsjqes-devmachine-0:59942:60150 [0] NCCL INFO Channel 12 : 0[0] -> 1[1] via SHM/direct/direct
is-dcsn7qhxjihsjqes-devmachine-0:59943:60152 [1] NCCL INFO Channel 13 : 1[1] -> 2[2] via SHM/direct/direct
is-dcsn7qhxjihsjqes-devmachine-0:59943:60152 [1] NCCL INFO Channel 14 : 1[1] -> 2[2] via SHM/direct/direct
is-dcsn7qhxjihsjqes-devmachine-0:59944:60149 [2] NCCL INFO Channel 13 : 2[2] -> 3[3] via SHM/direct/direct
is-dcsn7qhxjihsjqes-devmachine-0:59945:60151 [3] NCCL INFO Channel 13 : 3[3] -> 0[0] via SHM/direct/direct
is-dcsn7qhxjihsjqes-devmachine-0:59943:60152 [1] NCCL INFO Channel 15 : 1[1] -> 2[2] via SHM/direct/direct
is-dcsn7qhxjihsjqes-devmachine-0:59942:60150 [0] NCCL INFO Channel 13 : 0[0] -> 1[1] via SHM/direct/direct
is-dcsn7qhxjihsjqes-devmachine-0:59945:60151 [3] NCCL INFO Channel 14 : 3[3] -> 0[0] via SHM/direct/direct
is-dcsn7qhxjihsjqes-devmachine-0:59944:60149 [2] NCCL INFO Channel 14 : 2[2] -> 3[3] via SHM/direct/direct
is-dcsn7qhxjihsjqes-devmachine-0:59944:60149 [2] NCCL INFO Channel 15 : 2[2] -> 3[3] via SHM/direct/direct
is-dcsn7qhxjihsjqes-devmachine-0:59945:60151 [3] NCCL INFO Channel 15 : 3[3] -> 0[0] via SHM/direct/direct
is-dcsn7qhxjihsjqes-devmachine-0:59942:60150 [0] NCCL INFO Channel 14 : 0[0] -> 1[1] via SHM/direct/direct
is-dcsn7qhxjihsjqes-devmachine-0:59942:60150 [0] NCCL INFO Channel 15 : 0[0] -> 1[1] via SHM/direct/direct
is-dcsn7qhxjihsjqes-devmachine-0:59945:60151 [3] NCCL INFO Connected all rings, use ring PXN 0 GDR 1
is-dcsn7qhxjihsjqes-devmachine-0:59944:60149 [2] NCCL INFO Connected all rings, use ring PXN 0 GDR 1
is-dcsn7qhxjihsjqes-devmachine-0:59943:60152 [1] NCCL INFO Connected all rings, use ring PXN 0 GDR 1
is-dcsn7qhxjihsjqes-devmachine-0:59942:60150 [0] NCCL INFO Connected all rings, use ring PXN 0 GDR 1
Before initializing optimizer states
MA 23.72 GB         Max_MA 25.12 GB         CA 25.26 GB         Max_CA 25 GB 
CPU Virtual Memory:  used = 12.36 GB, percent = 1.3%
After initializing optimizer states
MA 23.72 GB         Max_MA 26.52 GB         CA 28.06 GB         Max_CA 28 GB 
CPU Virtual Memory:  used = 9.12 GB, percent = 1.0%
After initializing ZeRO optimizer
MA 23.72 GB         Max_MA 23.72 GB         CA 28.06 GB         Max_CA 28 GB 
CPU Virtual Memory:  used = 7.38 GB, percent = 0.8%

рҹ“Ҡ и®ӯз»ғй…ҚзҪ®:
   - ж•°жҚ®жӯҘж•°: 2,003,870
   - дјҳеҢ–жӯҘж•°: 57,254
   - жўҜеәҰзҙҜз§ҜжӯҘж•°: 35
   - Epochs: 1
   - Scheduler: linear_warmup_cosine_decay
   - Warmup Steps: 1,145
   - Training Steps: 57,254

рҹҡҖ д»ҺеӨҙејҖе§Ӣи®ӯз»ғ (жңӘжүҫеҲ° checkpoint)
рҹҺӯ Omni-Attention Mask: ж–Үжң¬=Causal, Gene=Bidirectional
The attention layers in this model are transitioning from computing the RoPE embeddings internally through `position_ids` (2D tensor with the indexes of the tokens), to using externally computed `position_embeddings` (Tuple of tensors, containing cos and sin). In v4.46 `position_ids` will be removed and `position_embeddings` will be mandatory.
The attention layers in this model are transitioning from computing the RoPE embeddings internally through `position_ids` (2D tensor with the indexes of the tokens), to using externally computed `position_embeddings` (Tuple of tensors, containing cos and sin). In v4.46 `position_ids` will be removed and `position_embeddings` will be mandatory.
The attention layers in this model are transitioning from computing the RoPE embeddings internally through `position_ids` (2D tensor with the indexes of the tokens), to using externally computed `position_embeddings` (Tuple of tensors, containing cos and sin). In v4.46 `position_ids` will be removed and `position_embeddings` will be mandatory.
The attention layers in this model are transitioning from computing the RoPE embeddings internally through `position_ids` (2D tensor with the indexes of the tokens), to using externally computed `position_embeddings` (Tuple of tensors, containing cos and sin). In v4.46 `position_ids` will be removed and `position_embeddings` will be mandatory.
is-dcsn7qhxjihsjqes-devmachine-0:59942:60233 [0] NCCL INFO NVLS comm 0x29f48000 headRank 0 nHeads 4 nvlsRanks 4 buffSize 1048576 nvlsPerRankSize 33554432 nvlsTotalSize 134217728
is-dcsn7qhxjihsjqes-devmachine-0:59944:60234 [2] NCCL INFO NVLS comm 0x1073a280 headRank 2 nHeads 4 nvlsRanks 4 buffSize 1048576 nvlsPerRankSize 33554432 nvlsTotalSize 134217728
is-dcsn7qhxjihsjqes-devmachine-0:59945:60235 [3] NCCL INFO NVLS comm 0x1165e950 headRank 3 nHeads 4 nvlsRanks 4 buffSize 1048576 nvlsPerRankSize 33554432 nvlsTotalSize 134217728
is-dcsn7qhxjihsjqes-devmachine-0:59943:60236 [1] NCCL INFO NVLS comm 0x112ff110 headRank 1 nHeads 4 nvlsRanks 4 buffSize 1048576 nvlsPerRankSize 33554432 nvlsTotalSize 134217728
рҹ§¬ [Step 5] Avg Loss: 7.0452 (NTP: 6.5123, Gene: 0.0000, Rank: 1.0657)
   жЁЎејҸеҲҶеёғ: зҗҶи§Ј=700, з”ҹжҲҗ=0 (жҖ»и®Ў=700)
   LR: 3.5e-07 (Show-o2: зҗҶи§ЈвҶ’NTP, з”ҹжҲҗвҶ’Gene)
   Matched-vs-Mismatched gap: -0.238458
рҹ§¬ [Step 10] Avg Loss: 7.1424 (NTP: 6.6492, Gene: 0.0000, Rank: 0.9864)
   жЁЎејҸеҲҶеёғ: зҗҶи§Ј=700, з”ҹжҲҗ=0 (жҖ»и®Ў=700)
   LR: 7.9e-07 (Show-o2: зҗҶи§ЈвҶ’NTP, з”ҹжҲҗвҶ’Gene)
   Matched-vs-Mismatched gap: -0.240735
рҹ§¬ [Step 15] Avg Loss: 6.9892 (NTP: 6.4729, Gene: 0.0000, Rank: 1.0327)
   жЁЎејҸеҲҶеёғ: зҗҶи§Ј=700, з”ҹжҲҗ=0 (жҖ»и®Ў=700)
   LR: 1.2e-06 (Show-o2: зҗҶи§ЈвҶ’NTP, з”ҹжҲҗвҶ’Gene)
   Matched-vs-Mismatched gap: -0.264331
рҹ§¬ [Step 20] Avg Loss: 6.3889 (NTP: 5.9027, Gene: 0.0000, Rank: 0.9724)
   жЁЎејҸеҲҶеёғ: зҗҶи§Ј=700, з”ҹжҲҗ=0 (жҖ»и®Ў=700)
   LR: 1.7e-06 (Show-o2: зҗҶи§ЈвҶ’NTP, з”ҹжҲҗвҶ’Gene)
   Matched-vs-Mismatched gap: -0.187310
рҹ§¬ [Step 25] Avg Loss: 5.4211 (NTP: 4.8259, Gene: 0.0000, Rank: 1.1904)
   жЁЎејҸеҲҶеёғ: зҗҶи§Ј=700, з”ҹжҲҗ=0 (жҖ»и®Ў=700)
   LR: 2.1e-06 (Show-o2: зҗҶи§ЈвҶ’NTP, з”ҹжҲҗвҶ’Gene)
   Matched-vs-Mismatched gap: 0.047111
рҹ§¬ [Step 30] Avg Loss: 5.0051 (NTP: 4.5965, Gene: 0.0000, Rank: 0.8172)
   жЁЎејҸеҲҶеёғ: зҗҶи§Ј=700, з”ҹжҲҗ=0 (жҖ»и®Ў=700)
   LR: 2.5e-06 (Show-o2: зҗҶи§ЈвҶ’NTP, з”ҹжҲҗвҶ’Gene)
   Matched-vs-Mismatched gap: 0.295882
рҹ§¬ [Step 35] Avg Loss: 4.9785 (NTP: 4.4727, Gene: 0.0000, Rank: 1.0117)
   жЁЎејҸеҲҶеёғ: зҗҶи§Ј=700, з”ҹжҲҗ=0 (жҖ»и®Ў=700)
   LR: 3.0e-06 (Show-o2: зҗҶи§ЈвҶ’NTP, з”ҹжҲҗвҶ’Gene)
   Matched-vs-Mismatched gap: 0.372923
рҹ§¬ [Step 40] Avg Loss: 4.7252 (NTP: 4.2406, Gene: 0.0000, Rank: 0.9692)
   жЁЎејҸеҲҶеёғ: зҗҶи§Ј=700, з”ҹжҲҗ=0 (жҖ»и®Ў=700)
   LR: 3.4e-06 (Show-o2: зҗҶи§ЈвҶ’NTP, з”ҹжҲҗвҶ’Gene)
   Matched-vs-Mismatched gap: 0.400648
рҹ§¬ [Step 45] Avg Loss: 4.5011 (NTP: 4.0479, Gene: 0.0000, Rank: 0.9064)
   жЁЎејҸеҲҶеёғ: зҗҶи§Ј=700, з”ҹжҲҗ=0 (жҖ»и®Ў=700)
   LR: 3.8e-06 (Show-o2: зҗҶи§ЈвҶ’NTP, з”ҹжҲҗвҶ’Gene)
   Matched-vs-Mismatched gap: 0.161834
рҹ§¬ [Step 50] Avg Loss: 4.4700 (NTP: 4.0144, Gene: 0.0000, Rank: 0.9113)
   жЁЎејҸеҲҶеёғ: зҗҶи§Ј=700, з”ҹжҲҗ=0 (жҖ»и®Ў=700)
   LR: 4.3e-06 (Show-o2: зҗҶи§ЈвҶ’NTP, з”ҹжҲҗвҶ’Gene)
   Matched-vs-Mismatched gap: 0.143104
рҹ§¬ [Step 55] Avg Loss: 4.1018 (NTP: 3.7041, Gene: 0.0000, Rank: 0.7954)
   жЁЎејҸеҲҶеёғ: зҗҶи§Ј=700, з”ҹжҲҗ=0 (жҖ»и®Ў=700)
   LR: 4.7e-06 (Show-o2: зҗҶи§ЈвҶ’NTP, з”ҹжҲҗвҶ’Gene)
   Matched-vs-Mismatched gap: 0.113208
рҹ§¬ [Step 60] Avg Loss: 4.2067 (NTP: 3.7388, Gene: 0.0000, Rank: 0.9358)
   жЁЎејҸеҲҶеёғ: зҗҶи§Ј=700, з”ҹжҲҗ=0 (жҖ»и®Ў=700)
   LR: 5.2e-06 (Show-o2: зҗҶи§ЈвҶ’NTP, з”ҹжҲҗвҶ’Gene)
   Matched-vs-Mismatched gap: 0.115167
рҹ§¬ [Step 65] Avg Loss: 4.1453 (NTP: 3.7187, Gene: 0.0000, Rank: 0.8533)
   жЁЎејҸеҲҶеёғ: зҗҶи§Ј=700, з”ҹжҲҗ=0 (жҖ»и®Ў=700)
   LR: 5.6e-06 (Show-o2: зҗҶи§ЈвҶ’NTP, з”ҹжҲҗвҶ’Gene)
   Matched-vs-Mismatched gap: 0.177196
рҹ§¬ [Step 70] Avg Loss: 3.8895 (NTP: 3.3963, Gene: 0.0000, Rank: 0.9864)
   жЁЎејҸеҲҶеёғ: зҗҶи§Ј=700, з”ҹжҲҗ=0 (жҖ»и®Ў=700)
   LR: 6.0e-06 (Show-o2: зҗҶи§ЈвҶ’NTP, з”ҹжҲҗвҶ’Gene)
   Matched-vs-Mismatched gap: 0.232356
рҹ§¬ [Step 75] Avg Loss: 4.0895 (NTP: 3.5998, Gene: 0.0000, Rank: 0.9795)
   жЁЎејҸеҲҶеёғ: зҗҶи§Ј=700, з”ҹжҲҗ=0 (жҖ»и®Ў=700)
   LR: 6.5e-06 (Show-o2: зҗҶи§ЈвҶ’NTP, з”ҹжҲҗвҶ’Gene)
   Matched-vs-Mismatched gap: 0.062756
рҹ§¬ [Step 80] Avg Loss: 4.1514 (NTP: 3.6295, Gene: 0.0000, Rank: 1.0438)
   жЁЎејҸеҲҶеёғ: зҗҶи§Ј=700, з”ҹжҲҗ=0 (жҖ»и®Ў=700)
   LR: 6.9e-06 (Show-o2: зҗҶи§ЈвҶ’NTP, з”ҹжҲҗвҶ’Gene)
   Matched-vs-Mismatched gap: -0.016404
рҹ§¬ [Step 85] Avg Loss: 4.1183 (NTP: 3.6035, Gene: 0.0000, Rank: 1.0295)
   жЁЎејҸеҲҶеёғ: зҗҶи§Ј=700, з”ҹжҲҗ=0 (жҖ»и®Ў=700)
   LR: 7.3e-06 (Show-o2: зҗҶи§ЈвҶ’NTP, з”ҹжҲҗвҶ’Gene)
   Matched-vs-Mismatched gap: -0.015182
рҹ§¬ [Step 90] Avg Loss: 3.8311 (NTP: 3.4072, Gene: 0.0000, Rank: 0.8480)
   жЁЎејҸеҲҶеёғ: зҗҶи§Ј=700, з”ҹжҲҗ=0 (жҖ»и®Ў=700)
   LR: 7.8e-06 (Show-o2: зҗҶи§ЈвҶ’NTP, з”ҹжҲҗвҶ’Gene)
   Matched-vs-Mismatched gap: -0.006637
рҹ§¬ [Step 95] Avg Loss: 3.9592 (NTP: 3.4472, Gene: 0.0000, Rank: 1.0241)
   жЁЎејҸеҲҶеёғ: зҗҶи§Ј=700, з”ҹжҲҗ=0 (жҖ»и®Ў=700)
   LR: 8.2e-06 (Show-o2: зҗҶи§ЈвҶ’NTP, з”ҹжҲҗвҶ’Gene)
   Matched-vs-Mismatched gap: -0.024322
рҹ§¬ [Step 100] Avg Loss: 3.8801 (NTP: 3.4145, Gene: 0.0000, Rank: 0.9312)
   жЁЎејҸеҲҶеёғ: зҗҶи§Ј=700, з”ҹжҲҗ=0 (жҖ»и®Ў=700)
   LR: 8.6e-06 (Show-o2: зҗҶи§ЈвҶ’NTP, з”ҹжҲҗвҶ’Gene)
   Matched-vs-Mismatched gap: -0.060538
