W0424 07:19:12.552000 78736 site-packages/torch/distributed/run.py:793] 
W0424 07:19:12.552000 78736 site-packages/torch/distributed/run.py:793] *****************************************
W0424 07:19:12.552000 78736 site-packages/torch/distributed/run.py:793] Setting OMP_NUM_THREADS environment variable for each process to be 1 in default, to avoid your system being overloaded, please further tune the variable for optimal performance in your application as needed. 
W0424 07:19:12.552000 78736 site-packages/torch/distributed/run.py:793] *****************************************
[2026-04-24 07:19:28,720] [INFO] [real_accelerator.py:219:get_accelerator] Setting ds_accelerator to cuda (auto detect)
[2026-04-24 07:19:28,720] [INFO] [real_accelerator.py:219:get_accelerator] Setting ds_accelerator to cuda (auto detect)
[2026-04-24 07:19:28,720] [INFO] [real_accelerator.py:219:get_accelerator] Setting ds_accelerator to cuda (auto detect)
[2026-04-24 07:19:28,720] [INFO] [real_accelerator.py:219:get_accelerator] Setting ds_accelerator to cuda (auto detect)
nvcc warning : incompatible redefinition for option 'compiler-bindir', the last value of this option was used
nvcc warning : incompatible redefinition for option 'compiler-bindir', the last value of this option was used
nvcc warning : incompatible redefinition for option 'compiler-bindir', the last value of this option was used
nvcc warning : incompatible redefinition for option 'compiler-bindir', the last value of this option was used
nvcc warning : incompatible redefinition for option 'compiler-bindir', the last value of this option was used
nvcc warning : incompatible redefinition for option 'compiler-bindir', the last value of this option was used
nvcc warning : incompatible redefinition for option 'compiler-bindir', the last value of this option was used
nvcc warning : incompatible redefinition for option 'compiler-bindir', the last value of this option was used
nvcc warning : incompatible redefinition for option 'compiler-bindir', the last value of this option was used
nvcc warning : incompatible redefinition for option 'compiler-bindir', the last value of this option was used
nvcc warning : incompatible redefinition for option 'compiler-bindir', the last value of this option was used
nvcc warning : incompatible redefinition for option 'compiler-bindir', the last value of this option was used
nvcc warning : incompatible redefinition for option 'compiler-bindir', the last value of this option was used
nvcc warning : incompatible redefinition for option 'compiler-bindir', the last value of this option was used
nvcc warning : incompatible redefinition for option 'compiler-bindir', the last value of this option was used
nvcc warning : incompatible redefinition for option 'compiler-bindir', the last value of this option was used
nvcc warning : incompatible redefinition for option 'compiler-bindir', the last value of this option was used
nvcc warning : incompatible redefinition for option 'compiler-bindir', the last value of this option was used
nvcc warning : incompatible redefinition for option 'compiler-bindir', the last value of this option was used
nvcc warning : incompatible redefinition for option 'compiler-bindir', the last value of this option was used
nvcc warning : incompatible redefinition for option 'compiler-bindir', the last value of this option was used
nvcc warning : incompatible redefinition for option 'compiler-bindir', the last value of this option was used
nvcc warning : incompatible redefinition for option 'compiler-bindir', the last value of this option was used
nvcc warning : incompatible redefinition for option 'compiler-bindir', the last value of this option was used
nvcc warning : incompatible redefinition for option 'compiler-bindir', the last value of this option was used
nvcc warning : incompatible redefinition for option 'compiler-bindir', the last value of this option was used
nvcc warning : incompatible redefinition for option 'compiler-bindir', the last value of this option was used
nvcc warning : incompatible redefinition for option 'compiler-bindir', the last value of this option was used
[2026-04-24 07:19:29,900] [INFO] [comm.py:652:init_distributed] cdb=None
[2026-04-24 07:19:29,901] [INFO] [comm.py:652:init_distributed] cdb=None
[2026-04-24 07:19:29,901] [INFO] [comm.py:652:init_distributed] cdb=None
[2026-04-24 07:19:29,901] [INFO] [comm.py:683:init_distributed] Initializing TorchBackend in DeepSpeed with backend nccl
[2026-04-24 07:19:29,901] [INFO] [comm.py:652:init_distributed] cdb=None
📄 使用配置: /mnt/c20250607/user/wanghaoran/zyh/scDataTest/config/config.json
✅ 从配置加载模型参数:
   - hidden_size: 3584
   - num_diffusion_layers: 8
   - attention_type: omni
   - weight_decay: 0.0001
   - clip_grad_norm: 1.0
   - gradient_checkpointing: True
   - disable_gene_position_ids: True
   - gene_position_buckets: 100

Loading checkpoint shards:   0%|          | 0/4 [00:00<?, ?it/s]✅ 从配置加载模型参数:
   - hidden_size: 3584
   - num_diffusion_layers: 8
   - attention_type: omni
   - weight_decay: 0.0001
   - clip_grad_norm: 1.0
   - gradient_checkpointing: True
   - disable_gene_position_ids: True
   - gene_position_buckets: 100
✅ 从配置加载模型参数:
   - hidden_size: 3584
   - num_diffusion_layers: 8
   - attention_type: omni
   - weight_decay: 0.0001
   - clip_grad_norm: 1.0
   - gradient_checkpointing: True
   - disable_gene_position_ids: True
   - gene_position_buckets: 100
✅ 从配置加载模型参数:
   - hidden_size: 3584
   - num_diffusion_layers: 8
   - attention_type: omni
   - weight_decay: 0.0001
   - clip_grad_norm: 1.0
   - gradient_checkpointing: True
   - disable_gene_position_ids: True
   - gene_position_buckets: 100

Loading checkpoint shards:   0%|          | 0/4 [00:00<?, ?it/s]
Loading checkpoint shards:   0%|          | 0/4 [00:00<?, ?it/s]
Loading checkpoint shards:   0%|          | 0/4 [00:00<?, ?it/s]
Loading checkpoint shards:  25%|██▌       | 1/4 [00:04<00:12,  4.17s/it]
Loading checkpoint shards:  25%|██▌       | 1/4 [00:04<00:12,  4.03s/it]
Loading checkpoint shards:  25%|██▌       | 1/4 [00:04<00:12,  4.08s/it]
Loading checkpoint shards:  25%|██▌       | 1/4 [00:04<00:12,  4.09s/it]
Loading checkpoint shards:  50%|█████     | 2/4 [00:08<00:08,  4.01s/it]
Loading checkpoint shards:  50%|█████     | 2/4 [00:07<00:07,  3.97s/it]
Loading checkpoint shards:  50%|█████     | 2/4 [00:07<00:07,  3.94s/it]
Loading checkpoint shards:  50%|█████     | 2/4 [00:07<00:07,  3.97s/it]
Loading checkpoint shards:  75%|███████▌  | 3/4 [00:11<00:03,  3.95s/it]
Loading checkpoint shards:  75%|███████▌  | 3/4 [00:11<00:03,  3.94s/it]
Loading checkpoint shards:  75%|███████▌  | 3/4 [00:11<00:03,  3.93s/it]
Loading checkpoint shards:  75%|███████▌  | 3/4 [00:11<00:03,  3.92s/it]
Loading checkpoint shards: 100%|██████████| 4/4 [00:15<00:00,  3.80s/it]
Loading checkpoint shards: 100%|██████████| 4/4 [00:15<00:00,  3.88s/it]
✅ Gradient Checkpointing 已启用

Loading checkpoint shards: 100%|██████████| 4/4 [00:15<00:00,  3.79s/it]
Loading checkpoint shards: 100%|██████████| 4/4 [00:15<00:00,  3.86s/it]

Loading checkpoint shards: 100%|██████████| 4/4 [00:15<00:00,  3.80s/it]
Loading checkpoint shards: 100%|██████████| 4/4 [00:15<00:00,  3.86s/it]
✅ Gradient Checkpointing 已启用

Loading checkpoint shards: 100%|██████████| 4/4 [00:15<00:00,  3.79s/it]
Loading checkpoint shards: 100%|██████████| 4/4 [00:15<00:00,  3.85s/it]
✅ Gradient Checkpointing 已启用
✅ Gradient Checkpointing 已启用
✅ 使用 compact codebook: codebook_tensor_compact.pt
⚠️  gene_vocab_size 调整: 0 -> 741440
✅ 使用 compact codebook: codebook_tensor_compact.pt✅ 使用 compact codebook: codebook_tensor_compact.pt

✅ 使用 compact codebook: codebook_tensor_compact.pt
⚠️  gene_vocab_size 调整: 0 -> 741440
⚠️  gene_vocab_size 调整: 0 -> 741440
⚠️  gene_vocab_size 调整: 0 -> 741440
✅ 初始化 gene_embed_tokens: vocab=741440, base=11585 genes x 64 clusters, frozen
✅ 初始化 gene_embed_tokens: vocab=741440, base=11585 genes x 64 clusters, frozen
✅ 初始化 gene_embed_tokens: vocab=741440, base=11585 genes x 64 clusters, frozen
✅ 初始化 gene_embed_tokens: vocab=741440, base=11585 genes x 64 clusters, frozen

🔧 Diffusion Head 配置对齐 Qwen2.5 底座:
   - Qwen hidden_size: 3584
   - Qwen num_attention_heads: 28
   - Qwen intermediate_size: 18944
   - head_dim: 128

🔧 Diffusion Head 配置对齐 Qwen2.5 底座:
   - Qwen hidden_size: 3584
   - Qwen num_attention_heads: 28
   - Qwen intermediate_size: 18944
   - head_dim: 128

🔧 Diffusion Head 配置对齐 Qwen2.5 底座:
   - Qwen hidden_size: 3584
   - Qwen num_attention_heads: 28
   - Qwen intermediate_size: 18944
   - head_dim: 128

🔧 Diffusion Head 配置对齐 Qwen2.5 底座:
   - Qwen hidden_size: 3584
   - Qwen num_attention_heads: 28
   - Qwen intermediate_size: 18944
   - head_dim: 128
⚠️ disable_gene_position_ids=True: Stage2 LoRA 已冻结 rank_signal_injector
📥 正在挂载一阶段对齐权重：/mnt/c20250607_hs/wanghaoran/wanghaoran/zyh/scshowo/stage1/bidirectional_step_2000/checkpoint-step-2000/state.pt
✅ Stage1->Stage2 权重加载完成: missing=1469, unexpected=0
   first_missing: ['showo.base_model.model.model.embed_tokens.weight', 'showo.base_model.model.model.layers.0.self_attn.q_proj.base_layer.weight', 'showo.base_model.model.model.layers.0.self_attn.q_proj.base_layer.bias', 'showo.base_model.model.model.layers.0.self_attn.q_proj.lora_A.default.weight', 'showo.base_model.model.model.layers.0.self_attn.q_proj.lora_B.default.weight', 'showo.base_model.model.model.layers.0.self_attn.k_proj.base_layer.weight', 'showo.base_model.model.model.layers.0.self_attn.k_proj.base_layer.bias', 'showo.base_model.model.model.layers.0.self_attn.k_proj.lora_A.default.weight', 'showo.base_model.model.model.layers.0.self_attn.k_proj.lora_B.default.weight', 'showo.base_model.model.model.layers.0.self_attn.v_proj.base_layer.weight']

📊 参数统计:
   总参数量: 11,369,213,978 (11.37B)
   可训练参数量: 3,171,314,969 (3171.31M)
   └─ LoRA 参数: 161,480,704 (161.48M)
   └─ Base 参数 (gene_proj/rank_signal/diffusion): 3,009,834,265 (3009.83M)

🎓 初始化课程学习数据加载器...

🧬 加载 Stage 1 理解配对数据（严格复用 Stage 1 理解逻辑）...
[BidirectionalStage1DS] initialized:
   - max_genes: 1200
   - understanding_ratio: 1.0
   - generation_ratio: 0.0
   - Rank 0/1
[BidirectionalStage1DS] compact gene vocab: 11585 genes x 64 = 741440 tokens
[BidirectionalStage1DS] initialized:
   - max_genes: 1200
   - understanding_ratio: 1.0
   - generation_ratio: 0.0
   - Rank 0/1
[BidirectionalStage1DS] initialized:
   - max_genes: 1200
   - understanding_ratio: 1.0
   - generation_ratio: 0.0
   - Rank 0/1
[BidirectionalStage1DS] compact gene vocab: 11585 genes x 64 = 741440 tokens
[BidirectionalStage1DS] compact gene vocab: 11585 genes x 64 = 741440 tokens
[BidirectionalStage1DS] initialized:
   - max_genes: 1200
   - understanding_ratio: 1.0
   - generation_ratio: 0.0
   - Rank 0/1
[BidirectionalStage1DS] compact gene vocab: 11585 genes x 64 = 741440 tokens
[WhitelistKeyDS] Rank 0: entries=403,750
   Stage 1 paired 数据量: 403,750

🟢 EASY: 简单单轮 SFT + Stage1 understanding paired

============================================================
🧠 初始化 SFTDataset... [EASY]
============================================================
[SFTDataset] compact gene vocab: 11585 genes x 64 = 741440 tokens
📥 加载对话文件: /mnt/c20250607/user/wanghaoran/zxy/data_and_features/zxy/sft_conversations/conversations/pretrain_texts.json
[WhitelistKeyDS] Rank 2: entries=403,750
[WhitelistKeyDS] Rank 3: entries=403,749
[WhitelistKeyDS] Rank 1: entries=403,750
📥 加载对话文件: /mnt/c20250607/user/wanghaoran/zxy/data_and_features/zxy/sft_conversations/conversations/finetune_conversations.json
✅ 共加载 865,803 条对话记录
   - unique cell ids: 852,885
[SFTDataset] Total 6 DBs found
[SFTDataset] key_cache_dir=/mnt/c20250607/user/wanghaoran/zxy/data_and_features/per-gene-feature/sft_data_gene_feature/sft_data_gene_feature/sft_data_gene_feature/key_cache
[rank2]:[W424 07:20:44.799143981 ProcessGroupNCCL.cpp:4115] [PG ID 0 PG GUID 0 Rank 2]  using GPU 2 to perform barrier as devices used by this process are currently unknown. This can potentially cause a hang if this rank to GPU mapping is incorrect.Specify device_ids in barrier() to force use of a particular device,or call init_process_group() with a device_id.
[rank1]:[W424 07:20:45.496029365 ProcessGroupNCCL.cpp:4115] [PG ID 0 PG GUID 0 Rank 1]  using GPU 1 to perform barrier as devices used by this process are currently unknown. This can potentially cause a hang if this rank to GPU mapping is incorrect.Specify device_ids in barrier() to force use of a particular device,or call init_process_group() with a device_id.
[rank3]:[W424 07:20:45.699118313 ProcessGroupNCCL.cpp:4115] [PG ID 0 PG GUID 0 Rank 3]  using GPU 3 to perform barrier as devices used by this process are currently unknown. This can potentially cause a hang if this rank to GPU mapping is incorrect.Specify device_ids in barrier() to force use of a particular device,or call init_process_group() with a device_id.
[SFTDataset] Rank 0 indexed 1,082,213 cells, saved to /mnt/c20250607/user/wanghaoran/zxy/data_and_features/per-gene-feature/sft_data_gene_feature/sft_data_gene_feature/sft_data_gene_feature/key_cache/_shared_cell_id_to_loc.pkl
[SFTDataset] target-id filter enabled: target_ids=1,082,213, filtered_out=200
[SFTDataset] Rank 0 entering barrier...
[rank0]:[W424 07:20:47.990330598 ProcessGroupNCCL.cpp:4115] [PG ID 0 PG GUID 0 Rank 0]  using GPU 0 to perform barrier as devices used by this process are currently unknown. This can potentially cause a hang if this rank to GPU mapping is incorrect.Specify device_ids in barrier() to force use of a particular device,or call init_process_group() with a device_id.
is-dcsn7qhxjihsjqes-devmachine-0:78869:78869 [0] NCCL INFO NCCL_SOCKET_IFNAME set by environment to eth0
is-dcsn7qhxjihsjqes-devmachine-0:78869:78869 [0] NCCL INFO Bootstrap : Using eth0:172.27.93.34<0>
is-dcsn7qhxjihsjqes-devmachine-0:78869:78869 [0] NCCL INFO NET/Plugin: No plugin found (libnccl-net.so)
is-dcsn7qhxjihsjqes-devmachine-0:78869:78869 [0] NCCL INFO NET/Plugin: Plugin load returned 2 : libnccl-net.so: cannot open shared object file: No such file or directory : when loading libnccl-net.so
is-dcsn7qhxjihsjqes-devmachine-0:78869:78869 [0] NCCL INFO NET/Plugin: Using internal network plugin.
is-dcsn7qhxjihsjqes-devmachine-0:78869:78869 [0] NCCL INFO cudaDriverVersion 12080
NCCL version 2.21.5+cuda12.4
is-dcsn7qhxjihsjqes-devmachine-0:78871:78871 [2] NCCL INFO cudaDriverVersion 12080
is-dcsn7qhxjihsjqes-devmachine-0:78871:78871 [2] NCCL INFO NCCL_SOCKET_IFNAME set by environment to eth0
is-dcsn7qhxjihsjqes-devmachine-0:78871:78871 [2] NCCL INFO Bootstrap : Using eth0:172.27.93.34<0>
is-dcsn7qhxjihsjqes-devmachine-0:78871:78871 [2] NCCL INFO NET/Plugin: No plugin found (libnccl-net.so)
is-dcsn7qhxjihsjqes-devmachine-0:78871:78871 [2] NCCL INFO NET/Plugin: Plugin load returned 2 : libnccl-net.so: cannot open shared object file: No such file or directory : when loading libnccl-net.so
is-dcsn7qhxjihsjqes-devmachine-0:78871:78871 [2] NCCL INFO NET/Plugin: Using internal network plugin.
is-dcsn7qhxjihsjqes-devmachine-0:78872:78872 [3] NCCL INFO cudaDriverVersion 12080
is-dcsn7qhxjihsjqes-devmachine-0:78872:78872 [3] NCCL INFO NCCL_SOCKET_IFNAME set by environment to eth0
is-dcsn7qhxjihsjqes-devmachine-0:78872:78872 [3] NCCL INFO Bootstrap : Using eth0:172.27.93.34<0>
is-dcsn7qhxjihsjqes-devmachine-0:78870:78870 [1] NCCL INFO cudaDriverVersion 12080
is-dcsn7qhxjihsjqes-devmachine-0:78870:78870 [1] NCCL INFO NCCL_SOCKET_IFNAME set by environment to eth0
is-dcsn7qhxjihsjqes-devmachine-0:78870:78870 [1] NCCL INFO Bootstrap : Using eth0:172.27.93.34<0>
is-dcsn7qhxjihsjqes-devmachine-0:78872:78872 [3] NCCL INFO NET/Plugin: No plugin found (libnccl-net.so)
is-dcsn7qhxjihsjqes-devmachine-0:78872:78872 [3] NCCL INFO NET/Plugin: Plugin load returned 2 : libnccl-net.so: cannot open shared object file: No such file or directory : when loading libnccl-net.so
is-dcsn7qhxjihsjqes-devmachine-0:78872:78872 [3] NCCL INFO NET/Plugin: Using internal network plugin.
is-dcsn7qhxjihsjqes-devmachine-0:78870:78870 [1] NCCL INFO NET/Plugin: No plugin found (libnccl-net.so)
is-dcsn7qhxjihsjqes-devmachine-0:78870:78870 [1] NCCL INFO NET/Plugin: Plugin load returned 2 : libnccl-net.so: cannot open shared object file: No such file or directory : when loading libnccl-net.so
is-dcsn7qhxjihsjqes-devmachine-0:78870:78870 [1] NCCL INFO NET/Plugin: Using internal network plugin.
is-dcsn7qhxjihsjqes-devmachine-0:78871:79243 [2] NCCL INFO NCCL_SOCKET_IFNAME set by environment to eth0
is-dcsn7qhxjihsjqes-devmachine-0:78871:79243 [2] NCCL INFO NET/IB : No device found.
is-dcsn7qhxjihsjqes-devmachine-0:78871:79243 [2] NCCL INFO NCCL_SOCKET_IFNAME set by environment to eth0
is-dcsn7qhxjihsjqes-devmachine-0:78871:79243 [2] NCCL INFO NET/Socket : Using [0]eth0:172.27.93.34<0>
is-dcsn7qhxjihsjqes-devmachine-0:78871:79243 [2] NCCL INFO Using non-device net plugin version 0
is-dcsn7qhxjihsjqes-devmachine-0:78871:79243 [2] NCCL INFO Using network Socket
is-dcsn7qhxjihsjqes-devmachine-0:78870:79245 [1] NCCL INFO NCCL_SOCKET_IFNAME set by environment to eth0
is-dcsn7qhxjihsjqes-devmachine-0:78870:79245 [1] NCCL INFO NET/IB : No device found.
is-dcsn7qhxjihsjqes-devmachine-0:78870:79245 [1] NCCL INFO NCCL_SOCKET_IFNAME set by environment to eth0
is-dcsn7qhxjihsjqes-devmachine-0:78870:79245 [1] NCCL INFO NET/Socket : Using [0]eth0:172.27.93.34<0>
is-dcsn7qhxjihsjqes-devmachine-0:78870:79245 [1] NCCL INFO Using non-device net plugin version 0
is-dcsn7qhxjihsjqes-devmachine-0:78870:79245 [1] NCCL INFO Using network Socket
is-dcsn7qhxjihsjqes-devmachine-0:78869:79242 [0] NCCL INFO NCCL_SOCKET_IFNAME set by environment to eth0
is-dcsn7qhxjihsjqes-devmachine-0:78872:79244 [3] NCCL INFO NCCL_SOCKET_IFNAME set by environment to eth0
is-dcsn7qhxjihsjqes-devmachine-0:78869:79242 [0] NCCL INFO NET/IB : No device found.
is-dcsn7qhxjihsjqes-devmachine-0:78872:79244 [3] NCCL INFO NET/IB : No device found.
is-dcsn7qhxjihsjqes-devmachine-0:78869:79242 [0] NCCL INFO NCCL_SOCKET_IFNAME set by environment to eth0
is-dcsn7qhxjihsjqes-devmachine-0:78872:79244 [3] NCCL INFO NCCL_SOCKET_IFNAME set by environment to eth0
is-dcsn7qhxjihsjqes-devmachine-0:78869:79242 [0] NCCL INFO NET/Socket : Using [0]eth0:172.27.93.34<0>
is-dcsn7qhxjihsjqes-devmachine-0:78872:79244 [3] NCCL INFO NET/Socket : Using [0]eth0:172.27.93.34<0>
is-dcsn7qhxjihsjqes-devmachine-0:78869:79242 [0] NCCL INFO Using non-device net plugin version 0
is-dcsn7qhxjihsjqes-devmachine-0:78872:79244 [3] NCCL INFO Using non-device net plugin version 0
is-dcsn7qhxjihsjqes-devmachine-0:78869:79242 [0] NCCL INFO Using network Socket
is-dcsn7qhxjihsjqes-devmachine-0:78872:79244 [3] NCCL INFO Using network Socket
is-dcsn7qhxjihsjqes-devmachine-0:78869:79242 [0] NCCL INFO ncclCommInitRank comm 0x55e2210b9ad0 rank 0 nranks 4 cudaDev 0 nvmlDev 0 busId 5d000 commId 0x1328d0b8c1b437f2 - Init START
is-dcsn7qhxjihsjqes-devmachine-0:78872:79244 [3] NCCL INFO ncclCommInitRank comm 0x556ea868f300 rank 3 nranks 4 cudaDev 3 nvmlDev 3 busId bb000 commId 0x1328d0b8c1b437f2 - Init START
is-dcsn7qhxjihsjqes-devmachine-0:78871:79243 [2] NCCL INFO ncclCommInitRank comm 0x55a0cb5a5b60 rank 2 nranks 4 cudaDev 2 nvmlDev 2 busId ab000 commId 0x1328d0b8c1b437f2 - Init START
is-dcsn7qhxjihsjqes-devmachine-0:78870:79245 [1] NCCL INFO ncclCommInitRank comm 0x5588ac538f00 rank 1 nranks 4 cudaDev 1 nvmlDev 1 busId 9b000 commId 0x1328d0b8c1b437f2 - Init START
is-dcsn7qhxjihsjqes-devmachine-0:78871:79243 [2] NCCL INFO NCCL_P2P_LEVEL set by environment to LOC
is-dcsn7qhxjihsjqes-devmachine-0:78871:79243 [2] NCCL INFO Setting affinity for GPU 2 to 03ffffe0,00000000,00000000,03ffffff,ffff0000,00000000
is-dcsn7qhxjihsjqes-devmachine-0:78871:79243 [2] NCCL INFO NVLS multicast support is available on dev 2
is-dcsn7qhxjihsjqes-devmachine-0:78872:79244 [3] NCCL INFO NCCL_P2P_LEVEL set by environment to LOC
is-dcsn7qhxjihsjqes-devmachine-0:78872:79244 [3] NCCL INFO Setting affinity for GPU 3 to 03ffffe0,00000000,00000000,03ffffff,ffff0000,00000000
is-dcsn7qhxjihsjqes-devmachine-0:78872:79244 [3] NCCL INFO NVLS multicast support is available on dev 3
is-dcsn7qhxjihsjqes-devmachine-0:78870:79245 [1] NCCL INFO NCCL_P2P_LEVEL set by environment to LOC
is-dcsn7qhxjihsjqes-devmachine-0:78870:79245 [1] NCCL INFO Setting affinity for GPU 1 to 03ffffe0,00000000,00000000,03ffffff,ffff0000,00000000
is-dcsn7qhxjihsjqes-devmachine-0:78870:79245 [1] NCCL INFO NVLS multicast support is available on dev 1
is-dcsn7qhxjihsjqes-devmachine-0:78869:79242 [0] NCCL INFO NCCL_P2P_LEVEL set by environment to LOC
is-dcsn7qhxjihsjqes-devmachine-0:78869:79242 [0] NCCL INFO Setting affinity for GPU 0 to 1fffff,00000000,00000000,00000000
is-dcsn7qhxjihsjqes-devmachine-0:78869:79242 [0] NCCL INFO NVLS multicast support is available on dev 0
is-dcsn7qhxjihsjqes-devmachine-0:78872:79244 [3] NCCL INFO comm 0x556ea868f300 rank 3 nRanks 4 nNodes 1 localRanks 4 localRank 3 MNNVL 0
is-dcsn7qhxjihsjqes-devmachine-0:78871:79243 [2] NCCL INFO comm 0x55a0cb5a5b60 rank 2 nRanks 4 nNodes 1 localRanks 4 localRank 2 MNNVL 0
is-dcsn7qhxjihsjqes-devmachine-0:78870:79245 [1] NCCL INFO comm 0x5588ac538f00 rank 1 nRanks 4 nNodes 1 localRanks 4 localRank 1 MNNVL 0
is-dcsn7qhxjihsjqes-devmachine-0:78869:79242 [0] NCCL INFO comm 0x55e2210b9ad0 rank 0 nRanks 4 nNodes 1 localRanks 4 localRank 0 MNNVL 0
is-dcsn7qhxjihsjqes-devmachine-0:78872:79244 [3] NCCL INFO Trees [0] -1/-1/-1->3->2 [1] -1/-1/-1->3->2 [2] -1/-1/-1->3->2 [3] -1/-1/-1->3->2 [4] -1/-1/-1->3->2 [5] -1/-1/-1->3->2 [6] -1/-1/-1->3->2 [7] -1/-1/-1->3->2 [8] -1/-1/-1->3->2 [9] -1/-1/-1->3->2 [10] -1/-1/-1->3->2 [11] -1/-1/-1->3->2 [12] -1/-1/-1->3->2 [13] -1/-1/-1->3->2 [14] -1/-1/-1->3->2 [15] -1/-1/-1->3->2
is-dcsn7qhxjihsjqes-devmachine-0:78871:79243 [2] NCCL INFO Trees [0] 3/-1/-1->2->1 [1] 3/-1/-1->2->1 [2] 3/-1/-1->2->1 [3] 3/-1/-1->2->1 [4] 3/-1/-1->2->1 [5] 3/-1/-1->2->1 [6] 3/-1/-1->2->1 [7] 3/-1/-1->2->1 [8] 3/-1/-1->2->1 [9] 3/-1/-1->2->1 [10] 3/-1/-1->2->1 [11] 3/-1/-1->2->1 [12] 3/-1/-1->2->1 [13] 3/-1/-1->2->1 [14] 3/-1/-1->2->1 [15] 3/-1/-1->2->1
is-dcsn7qhxjihsjqes-devmachine-0:78870:79245 [1] NCCL INFO Trees [0] 2/-1/-1->1->0 [1] 2/-1/-1->1->0 [2] 2/-1/-1->1->0 [3] 2/-1/-1->1->0 [4] 2/-1/-1->1->0 [5] 2/-1/-1->1->0 [6] 2/-1/-1->1->0 [7] 2/-1/-1->1->0 [8] 2/-1/-1->1->0 [9] 2/-1/-1->1->0 [10] 2/-1/-1->1->0 [11] 2/-1/-1->1->0 [12] 2/-1/-1->1->0 [13] 2/-1/-1->1->0 [14] 2/-1/-1->1->0 [15] 2/-1/-1->1->0
is-dcsn7qhxjihsjqes-devmachine-0:78872:79244 [3] NCCL INFO P2P Chunksize set to 131072
is-dcsn7qhxjihsjqes-devmachine-0:78871:79243 [2] NCCL INFO P2P Chunksize set to 131072
is-dcsn7qhxjihsjqes-devmachine-0:78870:79245 [1] NCCL INFO P2P Chunksize set to 131072
is-dcsn7qhxjihsjqes-devmachine-0:78869:79242 [0] NCCL INFO Channel 00/16 :    0   1   2   3
is-dcsn7qhxjihsjqes-devmachine-0:78869:79242 [0] NCCL INFO Channel 01/16 :    0   1   2   3
is-dcsn7qhxjihsjqes-devmachine-0:78869:79242 [0] NCCL INFO Channel 02/16 :    0   1   2   3
is-dcsn7qhxjihsjqes-devmachine-0:78869:79242 [0] NCCL INFO Channel 03/16 :    0   1   2   3
is-dcsn7qhxjihsjqes-devmachine-0:78869:79242 [0] NCCL INFO Channel 04/16 :    0   1   2   3
is-dcsn7qhxjihsjqes-devmachine-0:78869:79242 [0] NCCL INFO Channel 05/16 :    0   1   2   3
is-dcsn7qhxjihsjqes-devmachine-0:78869:79242 [0] NCCL INFO Channel 06/16 :    0   1   2   3
is-dcsn7qhxjihsjqes-devmachine-0:78869:79242 [0] NCCL INFO Channel 07/16 :    0   1   2   3
is-dcsn7qhxjihsjqes-devmachine-0:78869:79242 [0] NCCL INFO Channel 08/16 :    0   1   2   3
is-dcsn7qhxjihsjqes-devmachine-0:78869:79242 [0] NCCL INFO Channel 09/16 :    0   1   2   3
is-dcsn7qhxjihsjqes-devmachine-0:78869:79242 [0] NCCL INFO Channel 10/16 :    0   1   2   3
is-dcsn7qhxjihsjqes-devmachine-0:78869:79242 [0] NCCL INFO Channel 11/16 :    0   1   2   3
is-dcsn7qhxjihsjqes-devmachine-0:78869:79242 [0] NCCL INFO Channel 12/16 :    0   1   2   3
is-dcsn7qhxjihsjqes-devmachine-0:78869:79242 [0] NCCL INFO Channel 13/16 :    0   1   2   3
is-dcsn7qhxjihsjqes-devmachine-0:78869:79242 [0] NCCL INFO Channel 14/16 :    0   1   2   3
is-dcsn7qhxjihsjqes-devmachine-0:78869:79242 [0] NCCL INFO Channel 15/16 :    0   1   2   3
is-dcsn7qhxjihsjqes-devmachine-0:78869:79242 [0] NCCL INFO Trees [0] 1/-1/-1->0->-1 [1] 1/-1/-1->0->-1 [2] 1/-1/-1->0->-1 [3] 1/-1/-1->0->-1 [4] 1/-1/-1->0->-1 [5] 1/-1/-1->0->-1 [6] 1/-1/-1->0->-1 [7] 1/-1/-1->0->-1 [8] 1/-1/-1->0->-1 [9] 1/-1/-1->0->-1 [10] 1/-1/-1->0->-1 [11] 1/-1/-1->0->-1 [12] 1/-1/-1->0->-1 [13] 1/-1/-1->0->-1 [14] 1/-1/-1->0->-1 [15] 1/-1/-1->0->-1
is-dcsn7qhxjihsjqes-devmachine-0:78869:79242 [0] NCCL INFO P2P Chunksize set to 131072
is-dcsn7qhxjihsjqes-devmachine-0:78870:79245 [1] NCCL INFO Channel 00 : 1[1] -> 2[2] via SHM/direct/direct
is-dcsn7qhxjihsjqes-devmachine-0:78870:79245 [1] NCCL INFO Channel 01 : 1[1] -> 2[2] via SHM/direct/direct
is-dcsn7qhxjihsjqes-devmachine-0:78870:79245 [1] NCCL INFO Channel 02 : 1[1] -> 2[2] via SHM/direct/direct
is-dcsn7qhxjihsjqes-devmachine-0:78870:79245 [1] NCCL INFO Channel 03 : 1[1] -> 2[2] via SHM/direct/direct
is-dcsn7qhxjihsjqes-devmachine-0:78870:79245 [1] NCCL INFO Channel 04 : 1[1] -> 2[2] via SHM/direct/direct
is-dcsn7qhxjihsjqes-devmachine-0:78870:79245 [1] NCCL INFO Channel 05 : 1[1] -> 2[2] via SHM/direct/direct
is-dcsn7qhxjihsjqes-devmachine-0:78870:79245 [1] NCCL INFO Channel 06 : 1[1] -> 2[2] via SHM/direct/direct
is-dcsn7qhxjihsjqes-devmachine-0:78870:79245 [1] NCCL INFO Channel 07 : 1[1] -> 2[2] via SHM/direct/direct
is-dcsn7qhxjihsjqes-devmachine-0:78870:79245 [1] NCCL INFO Channel 08 : 1[1] -> 2[2] via SHM/direct/direct
is-dcsn7qhxjihsjqes-devmachine-0:78870:79245 [1] NCCL INFO Channel 09 : 1[1] -> 2[2] via SHM/direct/direct
is-dcsn7qhxjihsjqes-devmachine-0:78870:79245 [1] NCCL INFO Channel 10 : 1[1] -> 2[2] via SHM/direct/direct
is-dcsn7qhxjihsjqes-devmachine-0:78870:79245 [1] NCCL INFO Channel 11 : 1[1] -> 2[2] via SHM/direct/direct
is-dcsn7qhxjihsjqes-devmachine-0:78870:79245 [1] NCCL INFO Channel 12 : 1[1] -> 2[2] via SHM/direct/direct
is-dcsn7qhxjihsjqes-devmachine-0:78870:79245 [1] NCCL INFO Channel 13 : 1[1] -> 2[2] via SHM/direct/direct
is-dcsn7qhxjihsjqes-devmachine-0:78872:79244 [3] NCCL INFO Channel 00 : 3[3] -> 0[0] via SHM/direct/direct
is-dcsn7qhxjihsjqes-devmachine-0:78870:79245 [1] NCCL INFO Channel 14 : 1[1] -> 2[2] via SHM/direct/direct
is-dcsn7qhxjihsjqes-devmachine-0:78872:79244 [3] NCCL INFO Channel 01 : 3[3] -> 0[0] via SHM/direct/direct
is-dcsn7qhxjihsjqes-devmachine-0:78870:79245 [1] NCCL INFO Channel 15 : 1[1] -> 2[2] via SHM/direct/direct
is-dcsn7qhxjihsjqes-devmachine-0:78871:79243 [2] NCCL INFO Channel 00 : 2[2] -> 3[3] via SHM/direct/direct
is-dcsn7qhxjihsjqes-devmachine-0:78872:79244 [3] NCCL INFO Channel 02 : 3[3] -> 0[0] via SHM/direct/direct
is-dcsn7qhxjihsjqes-devmachine-0:78871:79243 [2] NCCL INFO Channel 01 : 2[2] -> 3[3] via SHM/direct/direct
is-dcsn7qhxjihsjqes-devmachine-0:78872:79244 [3] NCCL INFO Channel 03 : 3[3] -> 0[0] via SHM/direct/direct
is-dcsn7qhxjihsjqes-devmachine-0:78871:79243 [2] NCCL INFO Channel 02 : 2[2] -> 3[3] via SHM/direct/direct
is-dcsn7qhxjihsjqes-devmachine-0:78872:79244 [3] NCCL INFO Channel 04 : 3[3] -> 0[0] via SHM/direct/direct
is-dcsn7qhxjihsjqes-devmachine-0:78871:79243 [2] NCCL INFO Channel 03 : 2[2] -> 3[3] via SHM/direct/direct
is-dcsn7qhxjihsjqes-devmachine-0:78872:79244 [3] NCCL INFO Channel 05 : 3[3] -> 0[0] via SHM/direct/direct
is-dcsn7qhxjihsjqes-devmachine-0:78871:79243 [2] NCCL INFO Channel 04 : 2[2] -> 3[3] via SHM/direct/direct
is-dcsn7qhxjihsjqes-devmachine-0:78872:79244 [3] NCCL INFO Channel 06 : 3[3] -> 0[0] via SHM/direct/direct
is-dcsn7qhxjihsjqes-devmachine-0:78871:79243 [2] NCCL INFO Channel 05 : 2[2] -> 3[3] via SHM/direct/direct
is-dcsn7qhxjihsjqes-devmachine-0:78872:79244 [3] NCCL INFO Channel 07 : 3[3] -> 0[0] via SHM/direct/direct
is-dcsn7qhxjihsjqes-devmachine-0:78871:79243 [2] NCCL INFO Channel 06 : 2[2] -> 3[3] via SHM/direct/direct
is-dcsn7qhxjihsjqes-devmachine-0:78872:79244 [3] NCCL INFO Channel 08 : 3[3] -> 0[0] via SHM/direct/direct
is-dcsn7qhxjihsjqes-devmachine-0:78871:79243 [2] NCCL INFO Channel 07 : 2[2] -> 3[3] via SHM/direct/direct
is-dcsn7qhxjihsjqes-devmachine-0:78872:79244 [3] NCCL INFO Channel 09 : 3[3] -> 0[0] via SHM/direct/direct
is-dcsn7qhxjihsjqes-devmachine-0:78871:79243 [2] NCCL INFO Channel 08 : 2[2] -> 3[3] via SHM/direct/direct
is-dcsn7qhxjihsjqes-devmachine-0:78872:79244 [3] NCCL INFO Channel 10 : 3[3] -> 0[0] via SHM/direct/direct
is-dcsn7qhxjihsjqes-devmachine-0:78871:79243 [2] NCCL INFO Channel 09 : 2[2] -> 3[3] via SHM/direct/direct
is-dcsn7qhxjihsjqes-devmachine-0:78872:79244 [3] NCCL INFO Channel 11 : 3[3] -> 0[0] via SHM/direct/direct
is-dcsn7qhxjihsjqes-devmachine-0:78871:79243 [2] NCCL INFO Channel 10 : 2[2] -> 3[3] via SHM/direct/direct
is-dcsn7qhxjihsjqes-devmachine-0:78872:79244 [3] NCCL INFO Channel 12 : 3[3] -> 0[0] via SHM/direct/direct
is-dcsn7qhxjihsjqes-devmachine-0:78871:79243 [2] NCCL INFO Channel 11 : 2[2] -> 3[3] via SHM/direct/direct
is-dcsn7qhxjihsjqes-devmachine-0:78872:79244 [3] NCCL INFO Channel 13 : 3[3] -> 0[0] via SHM/direct/direct
is-dcsn7qhxjihsjqes-devmachine-0:78871:79243 [2] NCCL INFO Channel 12 : 2[2] -> 3[3] via SHM/direct/direct
is-dcsn7qhxjihsjqes-devmachine-0:78872:79244 [3] NCCL INFO Channel 14 : 3[3] -> 0[0] via SHM/direct/direct
is-dcsn7qhxjihsjqes-devmachine-0:78871:79243 [2] NCCL INFO Channel 13 : 2[2] -> 3[3] via SHM/direct/direct
is-dcsn7qhxjihsjqes-devmachine-0:78872:79244 [3] NCCL INFO Channel 15 : 3[3] -> 0[0] via SHM/direct/direct
is-dcsn7qhxjihsjqes-devmachine-0:78871:79243 [2] NCCL INFO Channel 14 : 2[2] -> 3[3] via SHM/direct/direct
is-dcsn7qhxjihsjqes-devmachine-0:78871:79243 [2] NCCL INFO Channel 15 : 2[2] -> 3[3] via SHM/direct/direct
is-dcsn7qhxjihsjqes-devmachine-0:78869:79242 [0] NCCL INFO Channel 00 : 0[0] -> 1[1] via SHM/direct/direct
is-dcsn7qhxjihsjqes-devmachine-0:78869:79242 [0] NCCL INFO Channel 01 : 0[0] -> 1[1] via SHM/direct/direct
is-dcsn7qhxjihsjqes-devmachine-0:78869:79242 [0] NCCL INFO Channel 02 : 0[0] -> 1[1] via SHM/direct/direct
is-dcsn7qhxjihsjqes-devmachine-0:78869:79242 [0] NCCL INFO Channel 03 : 0[0] -> 1[1] via SHM/direct/direct
is-dcsn7qhxjihsjqes-devmachine-0:78869:79242 [0] NCCL INFO Channel 04 : 0[0] -> 1[1] via SHM/direct/direct
is-dcsn7qhxjihsjqes-devmachine-0:78869:79242 [0] NCCL INFO Channel 05 : 0[0] -> 1[1] via SHM/direct/direct
is-dcsn7qhxjihsjqes-devmachine-0:78869:79242 [0] NCCL INFO Channel 06 : 0[0] -> 1[1] via SHM/direct/direct
is-dcsn7qhxjihsjqes-devmachine-0:78869:79242 [0] NCCL INFO Channel 07 : 0[0] -> 1[1] via SHM/direct/direct
is-dcsn7qhxjihsjqes-devmachine-0:78869:79242 [0] NCCL INFO Channel 08 : 0[0] -> 1[1] via SHM/direct/direct
is-dcsn7qhxjihsjqes-devmachine-0:78869:79242 [0] NCCL INFO Channel 09 : 0[0] -> 1[1] via SHM/direct/direct
is-dcsn7qhxjihsjqes-devmachine-0:78869:79242 [0] NCCL INFO Channel 10 : 0[0] -> 1[1] via SHM/direct/direct
is-dcsn7qhxjihsjqes-devmachine-0:78869:79242 [0] NCCL INFO Channel 11 : 0[0] -> 1[1] via SHM/direct/direct
is-dcsn7qhxjihsjqes-devmachine-0:78869:79242 [0] NCCL INFO Channel 12 : 0[0] -> 1[1] via SHM/direct/direct
is-dcsn7qhxjihsjqes-devmachine-0:78869:79242 [0] NCCL INFO Channel 13 : 0[0] -> 1[1] via SHM/direct/direct
is-dcsn7qhxjihsjqes-devmachine-0:78869:79242 [0] NCCL INFO Channel 14 : 0[0] -> 1[1] via SHM/direct/direct
is-dcsn7qhxjihsjqes-devmachine-0:78869:79242 [0] NCCL INFO Channel 15 : 0[0] -> 1[1] via SHM/direct/direct
is-dcsn7qhxjihsjqes-devmachine-0:78870:79245 [1] NCCL INFO Connected all rings
is-dcsn7qhxjihsjqes-devmachine-0:78869:79242 [0] NCCL INFO Connected all rings
is-dcsn7qhxjihsjqes-devmachine-0:78871:79243 [2] NCCL INFO Connected all rings
is-dcsn7qhxjihsjqes-devmachine-0:78872:79244 [3] NCCL INFO Connected all rings
is-dcsn7qhxjihsjqes-devmachine-0:78872:79244 [3] NCCL INFO Channel 00 : 3[3] -> 2[2] via SHM/direct/direct
is-dcsn7qhxjihsjqes-devmachine-0:78872:79244 [3] NCCL INFO Channel 01 : 3[3] -> 2[2] via SHM/direct/direct
is-dcsn7qhxjihsjqes-devmachine-0:78872:79244 [3] NCCL INFO Channel 02 : 3[3] -> 2[2] via SHM/direct/direct
is-dcsn7qhxjihsjqes-devmachine-0:78872:79244 [3] NCCL INFO Channel 03 : 3[3] -> 2[2] via SHM/direct/direct
is-dcsn7qhxjihsjqes-devmachine-0:78872:79244 [3] NCCL INFO Channel 04 : 3[3] -> 2[2] via SHM/direct/direct
is-dcsn7qhxjihsjqes-devmachine-0:78872:79244 [3] NCCL INFO Channel 05 : 3[3] -> 2[2] via SHM/direct/direct
is-dcsn7qhxjihsjqes-devmachine-0:78872:79244 [3] NCCL INFO Channel 06 : 3[3] -> 2[2] via SHM/direct/direct
is-dcsn7qhxjihsjqes-devmachine-0:78872:79244 [3] NCCL INFO Channel 07 : 3[3] -> 2[2] via SHM/direct/direct
is-dcsn7qhxjihsjqes-devmachine-0:78872:79244 [3] NCCL INFO Channel 08 : 3[3] -> 2[2] via SHM/direct/direct
is-dcsn7qhxjihsjqes-devmachine-0:78872:79244 [3] NCCL INFO Channel 09 : 3[3] -> 2[2] via SHM/direct/direct
is-dcsn7qhxjihsjqes-devmachine-0:78872:79244 [3] NCCL INFO Channel 10 : 3[3] -> 2[2] via SHM/direct/direct
is-dcsn7qhxjihsjqes-devmachine-0:78872:79244 [3] NCCL INFO Channel 11 : 3[3] -> 2[2] via SHM/direct/direct
is-dcsn7qhxjihsjqes-devmachine-0:78872:79244 [3] NCCL INFO Channel 12 : 3[3] -> 2[2] via SHM/direct/direct
is-dcsn7qhxjihsjqes-devmachine-0:78872:79244 [3] NCCL INFO Channel 13 : 3[3] -> 2[2] via SHM/direct/direct
is-dcsn7qhxjihsjqes-devmachine-0:78872:79244 [3] NCCL INFO Channel 14 : 3[3] -> 2[2] via SHM/direct/direct
is-dcsn7qhxjihsjqes-devmachine-0:78872:79244 [3] NCCL INFO Channel 15 : 3[3] -> 2[2] via SHM/direct/direct
is-dcsn7qhxjihsjqes-devmachine-0:78870:79245 [1] NCCL INFO Channel 00 : 1[1] -> 0[0] via SHM/direct/direct
is-dcsn7qhxjihsjqes-devmachine-0:78870:79245 [1] NCCL INFO Channel 01 : 1[1] -> 0[0] via SHM/direct/direct
is-dcsn7qhxjihsjqes-devmachine-0:78870:79245 [1] NCCL INFO Channel 02 : 1[1] -> 0[0] via SHM/direct/direct
is-dcsn7qhxjihsjqes-devmachine-0:78870:79245 [1] NCCL INFO Channel 03 : 1[1] -> 0[0] via SHM/direct/direct
is-dcsn7qhxjihsjqes-devmachine-0:78870:79245 [1] NCCL INFO Channel 04 : 1[1] -> 0[0] via SHM/direct/direct
is-dcsn7qhxjihsjqes-devmachine-0:78870:79245 [1] NCCL INFO Channel 05 : 1[1] -> 0[0] via SHM/direct/direct
is-dcsn7qhxjihsjqes-devmachine-0:78870:79245 [1] NCCL INFO Channel 06 : 1[1] -> 0[0] via SHM/direct/direct
is-dcsn7qhxjihsjqes-devmachine-0:78870:79245 [1] NCCL INFO Channel 07 : 1[1] -> 0[0] via SHM/direct/direct
is-dcsn7qhxjihsjqes-devmachine-0:78870:79245 [1] NCCL INFO Channel 08 : 1[1] -> 0[0] via SHM/direct/direct
is-dcsn7qhxjihsjqes-devmachine-0:78870:79245 [1] NCCL INFO Channel 09 : 1[1] -> 0[0] via SHM/direct/direct
is-dcsn7qhxjihsjqes-devmachine-0:78870:79245 [1] NCCL INFO Channel 10 : 1[1] -> 0[0] via SHM/direct/direct
is-dcsn7qhxjihsjqes-devmachine-0:78870:79245 [1] NCCL INFO Channel 11 : 1[1] -> 0[0] via SHM/direct/direct
is-dcsn7qhxjihsjqes-devmachine-0:78870:79245 [1] NCCL INFO Channel 12 : 1[1] -> 0[0] via SHM/direct/direct
is-dcsn7qhxjihsjqes-devmachine-0:78870:79245 [1] NCCL INFO Channel 13 : 1[1] -> 0[0] via SHM/direct/direct
is-dcsn7qhxjihsjqes-devmachine-0:78870:79245 [1] NCCL INFO Channel 14 : 1[1] -> 0[0] via SHM/direct/direct
is-dcsn7qhxjihsjqes-devmachine-0:78870:79245 [1] NCCL INFO Channel 15 : 1[1] -> 0[0] via SHM/direct/direct
is-dcsn7qhxjihsjqes-devmachine-0:78871:79243 [2] NCCL INFO Channel 00 : 2[2] -> 1[1] via SHM/direct/direct
is-dcsn7qhxjihsjqes-devmachine-0:78871:79243 [2] NCCL INFO Channel 01 : 2[2] -> 1[1] via SHM/direct/direct
is-dcsn7qhxjihsjqes-devmachine-0:78871:79243 [2] NCCL INFO Channel 02 : 2[2] -> 1[1] via SHM/direct/direct
is-dcsn7qhxjihsjqes-devmachine-0:78871:79243 [2] NCCL INFO Channel 03 : 2[2] -> 1[1] via SHM/direct/direct
is-dcsn7qhxjihsjqes-devmachine-0:78871:79243 [2] NCCL INFO Channel 04 : 2[2] -> 1[1] via SHM/direct/direct
is-dcsn7qhxjihsjqes-devmachine-0:78871:79243 [2] NCCL INFO Channel 05 : 2[2] -> 1[1] via SHM/direct/direct
is-dcsn7qhxjihsjqes-devmachine-0:78871:79243 [2] NCCL INFO Channel 06 : 2[2] -> 1[1] via SHM/direct/direct
is-dcsn7qhxjihsjqes-devmachine-0:78871:79243 [2] NCCL INFO Channel 07 : 2[2] -> 1[1] via SHM/direct/direct
is-dcsn7qhxjihsjqes-devmachine-0:78871:79243 [2] NCCL INFO Channel 08 : 2[2] -> 1[1] via SHM/direct/direct
is-dcsn7qhxjihsjqes-devmachine-0:78871:79243 [2] NCCL INFO Channel 09 : 2[2] -> 1[1] via SHM/direct/direct
is-dcsn7qhxjihsjqes-devmachine-0:78871:79243 [2] NCCL INFO Channel 10 : 2[2] -> 1[1] via SHM/direct/direct
is-dcsn7qhxjihsjqes-devmachine-0:78871:79243 [2] NCCL INFO Channel 11 : 2[2] -> 1[1] via SHM/direct/direct
is-dcsn7qhxjihsjqes-devmachine-0:78871:79243 [2] NCCL INFO Channel 12 : 2[2] -> 1[1] via SHM/direct/direct
is-dcsn7qhxjihsjqes-devmachine-0:78871:79243 [2] NCCL INFO Channel 13 : 2[2] -> 1[1] via SHM/direct/direct
is-dcsn7qhxjihsjqes-devmachine-0:78871:79243 [2] NCCL INFO Channel 14 : 2[2] -> 1[1] via SHM/direct/direct
is-dcsn7qhxjihsjqes-devmachine-0:78871:79243 [2] NCCL INFO Channel 15 : 2[2] -> 1[1] via SHM/direct/direct
is-dcsn7qhxjihsjqes-devmachine-0:78872:79244 [3] NCCL INFO Connected all trees
is-dcsn7qhxjihsjqes-devmachine-0:78872:79244 [3] NCCL INFO NVLS comm 0x556ea868f300 headRank 3 nHeads 4 buffSize 1048576 memSize 2097152 nvlsPerRankSize 100663296 nvlsTotalSize 402653184
is-dcsn7qhxjihsjqes-devmachine-0:78869:79242 [0] NCCL INFO Connected all trees
is-dcsn7qhxjihsjqes-devmachine-0:78871:79243 [2] NCCL INFO Connected all trees
is-dcsn7qhxjihsjqes-devmachine-0:78870:79245 [1] NCCL INFO Connected all trees
is-dcsn7qhxjihsjqes-devmachine-0:78869:79242 [0] NCCL INFO NVLS comm 0x55e2210b9ad0 headRank 0 nHeads 4 buffSize 1048576 memSize 2097152 nvlsPerRankSize 100663296 nvlsTotalSize 402653184
is-dcsn7qhxjihsjqes-devmachine-0:78871:79243 [2] NCCL INFO NVLS comm 0x55a0cb5a5b60 headRank 2 nHeads 4 buffSize 1048576 memSize 2097152 nvlsPerRankSize 100663296 nvlsTotalSize 402653184
is-dcsn7qhxjihsjqes-devmachine-0:78870:79245 [1] NCCL INFO NVLS comm 0x5588ac538f00 headRank 1 nHeads 4 buffSize 1048576 memSize 2097152 nvlsPerRankSize 100663296 nvlsTotalSize 402653184
is-dcsn7qhxjihsjqes-devmachine-0:78870:79245 [1] NCCL INFO threadThresholds 8/8/64 | 32/8/64 | 512 | 512
is-dcsn7qhxjihsjqes-devmachine-0:78870:79245 [1] NCCL INFO 16 coll channels, 16 collnet channels, 16 nvls channels, 16 p2p channels, 2 p2p channels per peer
is-dcsn7qhxjihsjqes-devmachine-0:78871:79243 [2] NCCL INFO threadThresholds 8/8/64 | 32/8/64 | 512 | 512
is-dcsn7qhxjihsjqes-devmachine-0:78871:79243 [2] NCCL INFO 16 coll channels, 16 collnet channels, 16 nvls channels, 16 p2p channels, 2 p2p channels per peer
is-dcsn7qhxjihsjqes-devmachine-0:78869:79242 [0] NCCL INFO threadThresholds 8/8/64 | 32/8/64 | 512 | 512
is-dcsn7qhxjihsjqes-devmachine-0:78869:79242 [0] NCCL INFO 16 coll channels, 16 collnet channels, 16 nvls channels, 16 p2p channels, 2 p2p channels per peer
is-dcsn7qhxjihsjqes-devmachine-0:78872:79244 [3] NCCL INFO threadThresholds 8/8/64 | 32/8/64 | 512 | 512
is-dcsn7qhxjihsjqes-devmachine-0:78872:79244 [3] NCCL INFO 16 coll channels, 16 collnet channels, 16 nvls channels, 16 p2p channels, 2 p2p channels per peer
is-dcsn7qhxjihsjqes-devmachine-0:78870:79245 [1] NCCL INFO TUNER/Plugin: Plugin load returned 2 : libnccl-net.so: cannot open shared object file: No such file or directory : when loading libnccl-tuner.so
is-dcsn7qhxjihsjqes-devmachine-0:78870:79245 [1] NCCL INFO TUNER/Plugin: Using internal tuner plugin.
is-dcsn7qhxjihsjqes-devmachine-0:78870:79245 [1] NCCL INFO ncclCommInitRank comm 0x5588ac538f00 rank 1 nranks 4 cudaDev 1 nvmlDev 1 busId 9b000 commId 0x1328d0b8c1b437f2 - Init COMPLETE
is-dcsn7qhxjihsjqes-devmachine-0:78872:79244 [3] NCCL INFO TUNER/Plugin: Plugin load returned 2 : libnccl-net.so: cannot open shared object file: No such file or directory : when loading libnccl-tuner.so
is-dcsn7qhxjihsjqes-devmachine-0:78872:79244 [3] NCCL INFO TUNER/Plugin: Using internal tuner plugin.
is-dcsn7qhxjihsjqes-devmachine-0:78872:79244 [3] NCCL INFO ncclCommInitRank comm 0x556ea868f300 rank 3 nranks 4 cudaDev 3 nvmlDev 3 busId bb000 commId 0x1328d0b8c1b437f2 - Init COMPLETE
is-dcsn7qhxjihsjqes-devmachine-0:78871:79243 [2] NCCL INFO TUNER/Plugin: Plugin load returned 2 : libnccl-net.so: cannot open shared object file: No such file or directory : when loading libnccl-tuner.so
is-dcsn7qhxjihsjqes-devmachine-0:78871:79243 [2] NCCL INFO TUNER/Plugin: Using internal tuner plugin.
is-dcsn7qhxjihsjqes-devmachine-0:78871:79243 [2] NCCL INFO ncclCommInitRank comm 0x55a0cb5a5b60 rank 2 nranks 4 cudaDev 2 nvmlDev 2 busId ab000 commId 0x1328d0b8c1b437f2 - Init COMPLETE
is-dcsn7qhxjihsjqes-devmachine-0:78869:79242 [0] NCCL INFO TUNER/Plugin: Plugin load returned 2 : libnccl-net.so: cannot open shared object file: No such file or directory : when loading libnccl-tuner.so
is-dcsn7qhxjihsjqes-devmachine-0:78869:79242 [0] NCCL INFO TUNER/Plugin: Using internal tuner plugin.
is-dcsn7qhxjihsjqes-devmachine-0:78869:79242 [0] NCCL INFO ncclCommInitRank comm 0x55e2210b9ad0 rank 0 nranks 4 cudaDev 0 nvmlDev 0 busId 5d000 commId 0x1328d0b8c1b437f2 - Init COMPLETE
[SFTDataset] Rank 0 passed barrier.
[SFTDataset-rankloss] Reusing cached celltype map: 1,082,213 cells from /mnt/c20250607/user/wanghaoran/zxy/data_and_features/per-gene-feature/sft_data_gene_feature/sft_data_gene_feature/sft_data_gene_feature/key_cache/_celltype_map.pkl
✅ [EASY] Rank 2: 本卡有效样本 216,451，全球总计 865,803✅ [EASY] Rank 1: 本卡有效样本 216,451，全球总计 865,803✅ [EASY] Rank 3: 本卡有效样本 216,451，全球总计 865,803

✅ [EASY] Rank 0: 本卡有效样本 216,451，全球总计 865,803

   📊 各卡分布: [216451, 216451, 216451, 216450]
   EASY 数据集: 216,451

🟡 COMPLEX: 复杂单轮/多轮 SFT + Stage1 understanding paired

============================================================
🧠 初始化 SFTDataset... [COMPLEX]
============================================================
[SFTDataset] compact gene vocab: 11585 genes x 64 = 741440 tokens
📥 加载对话文件: /mnt/c20250607/user/wanghaoran/zxy/data_and_features/zxy/sft_conversations/conversations/pretrain_texts.json
📥 加载对话文件: /mnt/c20250607/user/wanghaoran/zxy/data_and_features/zxy/sft_conversations/conversations/finetune_conversations.json
✅ 共加载 323,020 条对话记录
   - unique cell ids: 301,351
[SFTDataset] Reusing cached cell_id_to_loc: 1,082,213 cells
[SFTDataset-rankloss] Reusing in-memory celltype map: 1,082,213 cells
✅ [COMPLEX] Rank 1: 本卡有效样本 80,755，全球总计 323,020✅ [COMPLEX] Rank 3: 本卡有效样本 80,755，全球总计 323,020✅ [COMPLEX] Rank 2: 本卡有效样本 80,755，全球总计 323,020
✅ [COMPLEX] Rank 0: 本卡有效样本 80,755，全球总计 323,020


   📊 各卡分布: [80755, 80755, 80755, 80755]
   COMPLEX 数据集: 80,755

================================================================================
📊 课程学习训练计划:
   EASY SFT: 216,451 samples
   COMPLEX SFT: 80,755 samples
   Stage1 paired: 403,750 samples
   world_size: 4
   梯度累积步数: 40
   EASY 每进程数据步/epoch: 155,051
   COMPLEX 每进程数据步/epoch: 121,127
   总优化步数(估算): 6,906
================================================================================

📊 Optimizer Config:
   type: AdamW

📊 Scheduler Config:
   type: linear_warmup_cosine_decay
   num_training_steps: 6,906
   num_warmup_steps: 690
   min_lr_ratio: 0.5
[2026-04-24 07:21:03,068] [INFO] [config.py:733:__init__] Config mesh_device None world_size = 4
[2026-04-24 07:21:03,078] [INFO] [config.py:733:__init__] Config mesh_device None world_size = 4
[2026-04-24 07:21:03,078] [INFO] [config.py:733:__init__] Config mesh_device None world_size = 4
nvcc warning : incompatible redefinition for option 'compiler-bindir', the last value of this option was used
swanlab: Tracking run with swanlab version 0.7.11
swanlab: Run data will be saved locally in 
/mnt/c20250607/user/wanghaoran/zyh/scDataTest/logs/swanlab/run-20260424_072105-v
ixgc596zonnhmte9jnz9
swanlab: 👋 Hi yuhao_zheng,welcome to swanlab!
swanlab: Syncing run stage1 to the cloud
swanlab: 🏠 View project at 
https://swanlab.cn/@yuhao_zheng/sc_showo_understanding_only
swanlab: 🚀 View run at 
https://swanlab.cn/@yuhao_zheng/sc_showo_understanding_only/runs/vixgc596zonnhmt
e9jnz9
✅ SwanLab 初始化成功：sc_showo_understanding_only (exp: stage1)
[2026-04-24 07:21:07,114] [INFO] [logging.py:129:log_dist] [Rank 0] DeepSpeed info: version=0.15.3, git-hash=unknown, git-branch=unknown
[2026-04-24 07:21:07,115] [INFO] [config.py:733:__init__] Config mesh_device None world_size = 4
is-dcsn7qhxjihsjqes-devmachine-0:78869:79290 [0] NCCL INFO Using non-device net plugin version 0
is-dcsn7qhxjihsjqes-devmachine-0:78870:79284 [1] NCCL INFO Using non-device net plugin version 0
is-dcsn7qhxjihsjqes-devmachine-0:78872:79287 [3] NCCL INFO Using non-device net plugin version 0
is-dcsn7qhxjihsjqes-devmachine-0:78869:79290 [0] NCCL INFO Using network Socket
is-dcsn7qhxjihsjqes-devmachine-0:78872:79287 [3] NCCL INFO Using network Socket
is-dcsn7qhxjihsjqes-devmachine-0:78870:79284 [1] NCCL INFO Using network Socket
is-dcsn7qhxjihsjqes-devmachine-0:78871:79281 [2] NCCL INFO Using non-device net plugin version 0
is-dcsn7qhxjihsjqes-devmachine-0:78871:79281 [2] NCCL INFO Using network Socket
is-dcsn7qhxjihsjqes-devmachine-0:78871:79281 [2] NCCL INFO bootstrapSplit: comm 0x55a067fa1810 parent 0x55a0cb5a5b60 rank 2 nranks 4 color 116666945 key 2 prev 1 next 3 - DONE
is-dcsn7qhxjihsjqes-devmachine-0:78870:79284 [1] NCCL INFO bootstrapSplit: comm 0x5588647eead0 parent 0x5588ac538f00 rank 1 nranks 4 color 116666945 key 1 prev 0 next 2 - DONE
is-dcsn7qhxjihsjqes-devmachine-0:78871:79281 [2] NCCL INFO ncclCommSplit comm 0x55a067fa1810 rank 2 nranks 4 cudaDev 2 nvmlDev 2 busId ab000 parent 0x55a0cb5a5b60 color 116666945 key 2 commId 0xdd0998c6139147b1 - Init START
is-dcsn7qhxjihsjqes-devmachine-0:78869:79290 [0] NCCL INFO bootstrapSplit: comm 0x55e1cb5c8530 parent 0x55e2210b9ad0 rank 0 nranks 4 color 116666945 key 0 prev 3 next 1 - DONE
is-dcsn7qhxjihsjqes-devmachine-0:78872:79287 [3] NCCL INFO bootstrapSplit: comm 0x556e618eb190 parent 0x556ea868f300 rank 3 nranks 4 color 116666945 key 3 prev 2 next 0 - DONE
is-dcsn7qhxjihsjqes-devmachine-0:78870:79284 [1] NCCL INFO ncclCommSplit comm 0x5588647eead0 rank 1 nranks 4 cudaDev 1 nvmlDev 1 busId 9b000 parent 0x5588ac538f00 color 116666945 key 1 commId 0xdd0998c6139147b1 - Init START
is-dcsn7qhxjihsjqes-devmachine-0:78869:79290 [0] NCCL INFO ncclCommSplit comm 0x55e1cb5c8530 rank 0 nranks 4 cudaDev 0 nvmlDev 0 busId 5d000 parent 0x55e2210b9ad0 color 116666945 key 0 commId 0xdd0998c6139147b1 - Init START
is-dcsn7qhxjihsjqes-devmachine-0:78872:79287 [3] NCCL INFO ncclCommSplit comm 0x556e618eb190 rank 3 nranks 4 cudaDev 3 nvmlDev 3 busId bb000 parent 0x556ea868f300 color 116666945 key 3 commId 0xdd0998c6139147b1 - Init START
is-dcsn7qhxjihsjqes-devmachine-0:78870:79284 [1] NCCL INFO Setting affinity for GPU 1 to 03ffffe0,00000000,00000000,03ffffff,ffff0000,00000000
is-dcsn7qhxjihsjqes-devmachine-0:78870:79284 [1] NCCL INFO NVLS multicast support is available on dev 1
is-dcsn7qhxjihsjqes-devmachine-0:78871:79281 [2] NCCL INFO Setting affinity for GPU 2 to 03ffffe0,00000000,00000000,03ffffff,ffff0000,00000000
is-dcsn7qhxjihsjqes-devmachine-0:78871:79281 [2] NCCL INFO NVLS multicast support is available on dev 2
is-dcsn7qhxjihsjqes-devmachine-0:78872:79287 [3] NCCL INFO Setting affinity for GPU 3 to 03ffffe0,00000000,00000000,03ffffff,ffff0000,00000000
is-dcsn7qhxjihsjqes-devmachine-0:78872:79287 [3] NCCL INFO NVLS multicast support is available on dev 3
is-dcsn7qhxjihsjqes-devmachine-0:78869:79290 [0] NCCL INFO Setting affinity for GPU 0 to 1fffff,00000000,00000000,00000000
is-dcsn7qhxjihsjqes-devmachine-0:78869:79290 [0] NCCL INFO NVLS multicast support is available on dev 0
is-dcsn7qhxjihsjqes-devmachine-0:78872:79287 [3] NCCL INFO comm 0x556e618eb190 rank 3 nRanks 4 nNodes 1 localRanks 4 localRank 3 MNNVL 0
is-dcsn7qhxjihsjqes-devmachine-0:78869:79290 [0] NCCL INFO comm 0x55e1cb5c8530 rank 0 nRanks 4 nNodes 1 localRanks 4 localRank 0 MNNVL 0
is-dcsn7qhxjihsjqes-devmachine-0:78870:79284 [1] NCCL INFO comm 0x5588647eead0 rank 1 nRanks 4 nNodes 1 localRanks 4 localRank 1 MNNVL 0
is-dcsn7qhxjihsjqes-devmachine-0:78871:79281 [2] NCCL INFO comm 0x55a067fa1810 rank 2 nRanks 4 nNodes 1 localRanks 4 localRank 2 MNNVL 0
is-dcsn7qhxjihsjqes-devmachine-0:78872:79287 [3] NCCL INFO Trees [0] -1/-1/-1->3->2 [1] -1/-1/-1->3->2 [2] -1/-1/-1->3->2 [3] -1/-1/-1->3->2 [4] -1/-1/-1->3->2 [5] -1/-1/-1->3->2 [6] -1/-1/-1->3->2 [7] -1/-1/-1->3->2 [8] -1/-1/-1->3->2 [9] -1/-1/-1->3->2 [10] -1/-1/-1->3->2 [11] -1/-1/-1->3->2 [12] -1/-1/-1->3->2 [13] -1/-1/-1->3->2 [14] -1/-1/-1->3->2 [15] -1/-1/-1->3->2
is-dcsn7qhxjihsjqes-devmachine-0:78872:79287 [3] NCCL INFO P2P Chunksize set to 131072
is-dcsn7qhxjihsjqes-devmachine-0:78870:79284 [1] NCCL INFO Trees [0] 2/-1/-1->1->0 [1] 2/-1/-1->1->0 [2] 2/-1/-1->1->0 [3] 2/-1/-1->1->0 [4] 2/-1/-1->1->0 [5] 2/-1/-1->1->0 [6] 2/-1/-1->1->0 [7] 2/-1/-1->1->0 [8] 2/-1/-1->1->0 [9] 2/-1/-1->1->0 [10] 2/-1/-1->1->0 [11] 2/-1/-1->1->0 [12] 2/-1/-1->1->0 [13] 2/-1/-1->1->0 [14] 2/-1/-1->1->0 [15] 2/-1/-1->1->0
is-dcsn7qhxjihsjqes-devmachine-0:78869:79290 [0] NCCL INFO Channel 00/16 :    0   1   2   3
is-dcsn7qhxjihsjqes-devmachine-0:78871:79281 [2] NCCL INFO Trees [0] 3/-1/-1->2->1 [1] 3/-1/-1->2->1 [2] 3/-1/-1->2->1 [3] 3/-1/-1->2->1 [4] 3/-1/-1->2->1 [5] 3/-1/-1->2->1 [6] 3/-1/-1->2->1 [7] 3/-1/-1->2->1 [8] 3/-1/-1->2->1 [9] 3/-1/-1->2->1 [10] 3/-1/-1->2->1 [11] 3/-1/-1->2->1 [12] 3/-1/-1->2->1 [13] 3/-1/-1->2->1 [14] 3/-1/-1->2->1 [15] 3/-1/-1->2->1
is-dcsn7qhxjihsjqes-devmachine-0:78869:79290 [0] NCCL INFO Channel 01/16 :    0   1   2   3
is-dcsn7qhxjihsjqes-devmachine-0:78870:79284 [1] NCCL INFO P2P Chunksize set to 131072
is-dcsn7qhxjihsjqes-devmachine-0:78871:79281 [2] NCCL INFO P2P Chunksize set to 131072
is-dcsn7qhxjihsjqes-devmachine-0:78869:79290 [0] NCCL INFO Channel 02/16 :    0   1   2   3
is-dcsn7qhxjihsjqes-devmachine-0:78869:79290 [0] NCCL INFO Channel 03/16 :    0   1   2   3
is-dcsn7qhxjihsjqes-devmachine-0:78869:79290 [0] NCCL INFO Channel 04/16 :    0   1   2   3
is-dcsn7qhxjihsjqes-devmachine-0:78869:79290 [0] NCCL INFO Channel 05/16 :    0   1   2   3
is-dcsn7qhxjihsjqes-devmachine-0:78869:79290 [0] NCCL INFO Channel 06/16 :    0   1   2   3
